Archive member included to satisfy reference by file (symbol)

C:/devkitPro/libctru/lib\libctru.a(synchronization.o)
                              main.o (__sync_init)
C:/devkitPro/libctru/lib\libctru.a(srv.o)
                              hid.o (srvSetBlockingPolicy)
C:/devkitPro/libctru/lib\libctru.a(mappable.o)
                              hid.o (mappableInit)
C:/devkitPro/libctru/lib\libctru.a(cfgu.o)
                              slider.o (cfguInit)
C:/devkitPro/libctru/lib\libctru.a(fs.o)
                              Remapper.o (fsMakePath)
C:/devkitPro/libctru/lib\libctru.a(pmdbg.o)
                              Remapper.o (pmDbgInit)
C:/devkitPro/libctru/lib\libctru.a(srvpm.o)
                              C:/devkitPro/libctru/lib\libctru.a(srv.o) (srvPmGetSessionHandle)
C:/devkitPro/libctru/lib\libctru.a(ptmsysm.o)
                              main.o (ptmSysmInit)
C:/devkitPro/libctru/lib\libctru.a(syscalls.o)
                              main.o (__system_initSyscalls)
C:/devkitPro/libctru/lib\libctru.a(allocateHeaps.o)
                              main.o (__ctru_heap_size)
C:/devkitPro/libctru/lib\libctru.a(initArgv.o)
                              c:/devkitpro/devkitarm/bin/../lib/gcc/arm-none-eabi/10.2.0/../../../../arm-none-eabi/lib/armv6k/fpu/3dsx_crt0.o (__system_argv)
C:/devkitPro/libctru/lib\libctru.a(svc.o)
                              C:/devkitPro/libctru/lib\libctru.a(allocateHeaps.o) (svcControlMemory)
C:/devkitPro/libctru/lib\libctru.a(env.o)
                              C:/devkitPro/libctru/lib\libctru.a(srv.o) (envGetHandle)
C:/devkitPro/libctru/lib\libctru.a(os.o)
                              C:/devkitPro/libctru/lib\libctru.a(syscalls.o) (__libctru_gtod)
c:/devkitpro/devkitarm/bin/../lib/gcc/arm-none-eabi/10.2.0/../../../../arm-none-eabi/lib/armv6k/fpu\libm.a(lib_a-pow.o)
                              json.o (pow)
c:/devkitpro/devkitarm/bin/../lib/gcc/arm-none-eabi/10.2.0/../../../../arm-none-eabi/lib/armv6k/fpu\libm.a(lib_a-s_floor.o)
                              CirclePad.o (floor)
c:/devkitpro/devkitarm/bin/../lib/gcc/arm-none-eabi/10.2.0/../../../../arm-none-eabi/lib/armv6k/fpu\libm.a(lib_a-w_sqrt.o)
                              CirclePad.o (sqrt)
c:/devkitpro/devkitarm/bin/../lib/gcc/arm-none-eabi/10.2.0/../../../../arm-none-eabi/lib/armv6k/fpu\libm.a(lib_a-e_sqrt.o)
                              c:/devkitpro/devkitarm/bin/../lib/gcc/arm-none-eabi/10.2.0/../../../../arm-none-eabi/lib/armv6k/fpu\libm.a(lib_a-w_sqrt.o) (__ieee754_sqrt)
c:/devkitpro/devkitarm/bin/../lib/gcc/arm-none-eabi/10.2.0/../../../../arm-none-eabi/lib/armv6k/fpu\libm.a(lib_a-exp_data.o)
                              c:/devkitpro/devkitarm/bin/../lib/gcc/arm-none-eabi/10.2.0/../../../../arm-none-eabi/lib/armv6k/fpu\libm.a(lib_a-pow.o) (__exp_data)
c:/devkitpro/devkitarm/bin/../lib/gcc/arm-none-eabi/10.2.0/../../../../arm-none-eabi/lib/armv6k/fpu\libm.a(lib_a-math_err.o)
                              c:/devkitpro/devkitarm/bin/../lib/gcc/arm-none-eabi/10.2.0/../../../../arm-none-eabi/lib/armv6k/fpu\libm.a(lib_a-pow.o) (__math_uflow)
c:/devkitpro/devkitarm/bin/../lib/gcc/arm-none-eabi/10.2.0/../../../../arm-none-eabi/lib/armv6k/fpu\libm.a(lib_a-pow_log_data.o)
                              c:/devkitpro/devkitarm/bin/../lib/gcc/arm-none-eabi/10.2.0/../../../../arm-none-eabi/lib/armv6k/fpu\libm.a(lib_a-pow.o) (__pow_log_data)
c:/devkitpro/devkitarm/bin/../lib/gcc/arm-none-eabi/10.2.0/../../../../arm-none-eabi/lib/armv6k/fpu\libm.a(lib_a-s_lib_ver.o)
                              c:/devkitpro/devkitarm/bin/../lib/gcc/arm-none-eabi/10.2.0/../../../../arm-none-eabi/lib/armv6k/fpu\libm.a(lib_a-w_sqrt.o) (__fdlib_version)
c:/devkitpro/devkitarm/bin/../lib/gcc/arm-none-eabi/10.2.0/armv6k/fpu\libgcc.a(_udivsi3.o)
                              printf.o (__aeabi_uidivmod)
c:/devkitpro/devkitarm/bin/../lib/gcc/arm-none-eabi/10.2.0/armv6k/fpu\libgcc.a(_divsi3.o)
                              CirclePad.o (__aeabi_idiv)
c:/devkitpro/devkitarm/bin/../lib/gcc/arm-none-eabi/10.2.0/armv6k/fpu\libgcc.a(_dvmd_tls.o)
                              c:/devkitpro/devkitarm/bin/../lib/gcc/arm-none-eabi/10.2.0/armv6k/fpu\libgcc.a(_udivsi3.o) (__aeabi_idiv0)
c:/devkitpro/devkitarm/bin/../lib/gcc/arm-none-eabi/10.2.0/armv6k/fpu\libgcc.a(_arm_addsubdf3.o)
                              json.o (__aeabi_l2d)
c:/devkitpro/devkitarm/bin/../lib/gcc/arm-none-eabi/10.2.0/armv6k/fpu\libgcc.a(_aeabi_ldivmod.o)
                              json.o (__aeabi_ldivmod)
c:/devkitpro/devkitarm/bin/../lib/gcc/arm-none-eabi/10.2.0/armv6k/fpu\libgcc.a(_aeabi_uldivmod.o)
                              json.o (__aeabi_uldivmod)
c:/devkitpro/devkitarm/bin/../lib/gcc/arm-none-eabi/10.2.0/armv6k/fpu\libgcc.a(_udivmoddi4.o)
                              c:/devkitpro/devkitarm/bin/../lib/gcc/arm-none-eabi/10.2.0/armv6k/fpu\libgcc.a(_aeabi_ldivmod.o) (__udivmoddi4)
[...]
Memory Configuration

Name             Origin             Length             Attributes
*default*        0x0000000000000000 0xffffffffffffffff

Linker script and memory map

                0x0000000000100000                PROVIDE (__start__ = 0x100000)
                0x0000000000100000                . = __start__

.text           0x0000000000100000    0x1296c
 *(.crt0)
 .crt0          0x0000000000100000       0x94 c:/devkitpro/devkitarm/bin/../lib/gcc/arm-none-eabi/10.2.0/../../../../arm-none-eabi/lib/armv6k/fpu/3dsx_crt0.o
                0x0000000000100000                _start
                0x0000000000100008                __service_ptr
                0x000000000010000c                __apt_appid
                0x0000000000100010                __heap_size
                0x0000000000100014                __linear_heap_size
                0x0000000000100018                __system_arglist
                0x000000000010001c                __system_runflags
 *(.init)
 .init          0x0000000000100094        0xc c:/devkitpro/devkitarm/bin/../lib/gcc/arm-none-eabi/10.2.0/armv6k/fpu/crti.o
                0x0000000000100094                _init
 .init          0x00000000001000a0        0xc c:/devkitpro/devkitarm/bin/../lib/gcc/arm-none-eabi/10.2.0/armv6k/fpu/crtn.o
                0x00000000001000ac                . = ALIGN (0x4)
 *(.text)
 .text          0x00000000001000ac      0x20c c:/devkitpro/devkitarm/bin/../lib/gcc/arm-none-eabi/10.2.0/armv6k/fpu\libgcc.a(_udivsi3.o)
                0x00000000001000ac                __aeabi_uidiv
                0x00000000001000ac                __udivsi3
                0x0000000000100298                __aeabi_uidivmod
 .text          0x00000000001002b8      0x240 c:/devkitpro/devkitarm/bin/../lib/gcc/arm-none-eabi/10.2.0/armv6k/fpu\libgcc.a(_divsi3.o)
                0x00000000001002b8                __divsi3
                0x00000000001002b8                __aeabi_idiv
                0x00000000001004d8                __aeabi_idivmod
 .text          0x00000000001004f8        0x4 c:/devkitpro/devkitarm/bin/../lib/gcc/arm-none-eabi/10.2.0/armv6k/fpu\libgcc.a(_dvmd_tls.o)
                0x00000000001004f8                __aeabi_idiv0
                0x00000000001004f8                __aeabi_ldiv0
 .text          0x00000000001004fc      0x3c0 c:/devkitpro/devkitarm/bin/../lib/gcc/arm-none-eabi/10.2.0/armv6k/fpu\libgcc.a(_arm_addsubdf3.o)
                0x00000000001004fc                __aeabi_drsub
                0x0000000000100504                __aeabi_dsub
                0x0000000000100504                __subdf3
                0x0000000000100508                __aeabi_dadd
                0x0000000000100508                __adddf3
                0x00000000001007b4                __floatunsidf
                0x00000000001007b4                __aeabi_ui2d
                0x00000000001007d8                __floatsidf
                0x00000000001007d8                __aeabi_i2d
                0x0000000000100800                __aeabi_f2d
                0x0000000000100800                __extendsfdf2
                0x0000000000100848                __floatundidf
                0x0000000000100848                __aeabi_ul2d
                0x000000000010085c                __floatdidf
                0x000000000010085c                __aeabi_l2d
 .text          0x00000000001008bc       0xd4 c:/devkitpro/devkitarm/bin/../lib/gcc/arm-none-eabi/10.2.0/armv6k/fpu\libgcc.a(_aeabi_ldivmod.o)
                0x00000000001008bc                __aeabi_ldivmod
 .text          0x0000000000100990       0x3c c:/devkitpro/devkitarm/bin/../lib/gcc/arm-none-eabi/10.2.0/armv6k/fpu\libgcc.a(_aeabi_uldivmod.o)
                0x0000000000100990                __aeabi_uldivmod
 *(.text.*)
 .text.__do_global_dtors_aux
                0x00000000001009cc       0x40 c:/devkitpro/devkitarm/bin/../lib/gcc/arm-none-eabi/10.2.0/armv6k/fpu/crtbegin.o
 .text.frame_dummy
                0x0000000000100a0c       0x2c c:/devkitpro/devkitarm/bin/../lib/gcc/arm-none-eabi/10.2.0/armv6k/fpu/crtbegin.o
 .text._ZN9CirclePad20RawToCirclePadCoordsEP14CirclePadEntryS0_
                0x0000000000100a38      0x154 CirclePad.o
                0x0000000000100a38                CirclePad::RawToCirclePadCoords(CirclePadEntry*, CirclePadEntry)
 .text._ZN9CirclePad12AdjustValuesEPsS0_iiii
                0x0000000000100b8c       0xcc CirclePad.o
                0x0000000000100b8c                CirclePad::AdjustValues(short*, short*, int, int, int, int)
 .text._ZN9CirclePad19ConvertToHidButtonsE14CirclePadEntrym
                0x0000000000100c58       0xf0 CirclePad.o
                0x0000000000100c58                CirclePad::ConvertToHidButtons(CirclePadEntry, unsigned long)
 .text._ZN3Pad10InitializeEv
                0x0000000000100d48       0x58 Pad.o
                0x0000000000100d48                Pad::Initialize()
 .text._ZN3Pad8SetTimerEv
                0x0000000000100da0       0x4c Pad.o
                0x0000000000100da0                Pad::SetTimer()
 .text._ZN3Pad10ReadFromIOEP8PadEntryPm14CirclePadEntryP8Remapper
                0x0000000000100dec       0xc4 Pad.o
                0x0000000000100dec                Pad::ReadFromIO(PadEntry*, unsigned long*, CirclePadEntry, Remapper*)
 .text._ZN3Pad8SamplingEmP8Remapper
                0x0000000000100eb0      0x148 Pad.o
                0x0000000000100eb0                Pad::Sampling(unsigned long, Remapper*)
 .text._ZN7PadRing11WriteToRingEP8PadEntryP14CirclePadEntry
                0x0000000000100ff8      0x118 PadRing.o
                0x0000000000100ff8                PadRing::WriteToRing(PadEntry*, CirclePadEntry*)
 .text._Z8strtok_rPcPKcPS_
                0x0000000000101110       0x94 Remapper.o
                0x0000000000101110                strtok_r(char*, char const*, char**)
 .text._ZL14keystrtokeyvalPc
                0x00000000001011a4       0x94 Remapper.o
 .text._ZN8Remapper20GenerateFileLocationEv
                0x0000000000101238      0x174 Remapper.o
                0x0000000000101238                Remapper::GenerateFileLocation()
 .text._ZN8Remapper5RemapEm
                0x00000000001013ac       0x94 Remapper.o
                0x00000000001013ac                Remapper::Remap(unsigned long)
 .text._ZN8Remapper14ReadConfigFileEv
                0x0000000000101440      0x140 Remapper.o
                0x0000000000101440                Remapper::ReadConfigFile()
 .text._ZN8Remapper15ParseConfigFileEv
                0x0000000000101580      0x1bc Remapper.o
                0x0000000000101580                Remapper::ParseConfigFile()
 .text._ZN5Touch10InitializeEv
                0x000000000010173c       0x20 Touch.o
                0x000000000010173c                Touch::Initialize()
 .text._ZN5Touch8SamplingEmP8Remapper
                0x000000000010175c      0x1fc Touch.o
                0x000000000010175c                Touch::Sampling(unsigned long, Remapper*)
 .text._ZN9TouchRing11WriteToRingE10TouchEntry
                0x0000000000101958       0xc0 TouchRing.o
                0x0000000000101958                TouchRing::WriteToRing(TouchEntry)
 .text._Z9memsearchPhPKvmm
                0x0000000000101a18       0xe0 hid.o
                0x0000000000101a18                memsearch(unsigned char*, void const*, unsigned long, unsigned long)
 .text._Z10irpatch_cbmmmmP8RemapperPm
                0x0000000000101af8      0x1e8 hid.o
                0x0000000000101af8                irpatch_cb(unsigned long, unsigned long, unsigned long, unsigned long, Remapper*, unsigned long*)
 .text._ZN3Hid23CreateAndMapMemoryBlockEv
                0x0000000000101ce0       0xac hid.o
                0x0000000000101ce0                Hid::CreateAndMapMemoryBlock()
 *fill*         0x0000000000101d8c        0x4 
 .text._ZN3Hid30CreateRingsOnSharedmemoryBlockEv
                0x0000000000101d90       0x48 hid.o
                0x0000000000101d90                Hid::CreateRingsOnSharedmemoryBlock()
 .text._ZN3Hid13InitializePadEv
                0x0000000000101dd8       0x44 hid.o
                0x0000000000101dd8                Hid::InitializePad()
 .text._Z17OpenProcessByNamePKcPm
                0x0000000000101e1c       0xd4 hid.o
                0x0000000000101e1c                OpenProcessByName(char const*, unsigned long*)
 .text._Z22OperateOnProcessByNamePKcPFlmmmmP8RemapperPmES2_S3_
                0x0000000000101ef0      0x140 hid.o
                0x0000000000101ef0                OperateOnProcessByName(char const*, long (*)(unsigned long, unsigned long, unsigned long, unsigned long, Remapper*, unsigned long*), Remapper*, unsigned long*)
 .text._ZL16SamplingFunctionPv
                0x0000000000102030      0x194 hid.o
 .text._ZN3Hid23StartThreadsForSamplingEv
                0x00000000001021c4       0x8c hid.o
                0x00000000001021c4                Hid::StartThreadsForSampling()
 .text._ZN3Hid17EnteringSleepModeEv
                0x0000000000102250       0x18 hid.o
                0x0000000000102250                Hid::EnteringSleepMode()
 .text._ZN3Hid16ExitingSleepModeEv
                0x0000000000102268       0x50 hid.o
                0x0000000000102268                Hid::ExitingSleepMode()
 .text._ZN3Hid15RemapGenFileLocEv
                0x00000000001022b8       0x3c hid.o
                0x00000000001022b8                Hid::RemapGenFileLoc()
 .text._ZN3IPC14HandleCommandsEP3Hid
                0x00000000001022f4      0x2a8 ipc.o
                0x00000000001022f4                IPC::HandleCommands(Hid*)
 .text.__system_allocateHeaps
                0x000000000010259c       0x74 main.o
                0x000000000010259c                __system_allocateHeaps
 .text.initSystem
                0x0000000000102610       0x38 main.o
                0x0000000000102610                initSystem
 .text.__ctru_exit
                0x0000000000102648       0x18 main.o
                0x0000000000102648                __ctru_exit
 .text.startup.main
                0x0000000000102660      0x390 main.o
                0x0000000000102660                main
 .text._Z10mcuHidInitv
                0x00000000001029f0       0x14 mcuhid.o
                0x00000000001029f0                mcuHidInit()
 .text._Z20mcuHidGetSliderStatePh
                0x0000000000102a04       0x38 mcuhid.o
                0x0000000000102a04                mcuHidGetSliderState(unsigned char*)
 .text._ZN6Slider17ReadValuesFromMCUEv
                0x0000000000102a3c       0x28 slider.o
                0x0000000000102a3c                Slider::ReadValuesFromMCU()
 .text._ZN6Slider17GetConfigSettingsEv
                0x0000000000102a64       0x5c slider.o
                0x0000000000102a64                Slider::GetConfigSettings()
 .text._ZN6Slider9NormalizeEv
                0x0000000000102ac0       0xe0 slider.o
                0x0000000000102ac0                Slider::Normalize()
 .text.codecInit
                0x0000000000102ba0       0x84 codec.o
                0x0000000000102ba0                codecInit
 .text.CDCHID_GetData
                0x0000000000102c24       0x48 codec.o
                0x0000000000102c24                CDCHID_GetData
 .text.default_free
                0x0000000000102c6c        0x4 json.o
 .text.default_alloc
                0x0000000000102c70       0x18 json.o
 .text.json_value_free_ex.part.0
                0x0000000000102c88       0xcc json.o
 .text.new_value
                0x0000000000102d54      0x230 json.o
 *fill*         0x0000000000102f84        0x4 
 .text.json_parse_ex
                0x0000000000102f88     0x1568 json.o
                0x0000000000102f88                json_parse_ex
 .text.json_parse
                0x00000000001044f0       0x40 json.o
                0x00000000001044f0                json_parse
 .text.json_value_free
                0x0000000000104530       0x48 json.o
                0x0000000000104530                json_value_free
 .text._thread_begin
                0x0000000000104578       0x10 mythread.o
 .text.MyThread_Create
                0x0000000000104588       0x34 mythread.o
                0x0000000000104588                MyThread_Create
 .text.srvSysInit
                0x00000000001045bc       0xe8 services.o
                0x00000000001045bc                srvSysInit
 .text.srvSysExit
                0x00000000001046a4       0x8c services.o
                0x00000000001046a4                srvSysExit
 .text.fsSysInit
                0x0000000000104730       0x34 services.o
                0x0000000000104730                fsSysInit
 .text.svcConvertVAToPA
                0x0000000000104764        0x8 csvc.o
                0x0000000000104764                svcConvertVAToPA
 .text.svcInvalidateEntireInstructionCache
                0x000000000010476c        0x8 csvc.o
                0x000000000010476c                svcInvalidateEntireInstructionCache
 .text.svcMapProcessMemoryEx
                0x0000000000104774        0x8 csvc.o
                0x0000000000104774                svcMapProcessMemoryEx
 .text.svcMapProcessMemoryEx2
                0x000000000010477c       0x14 csvc.o
                0x000000000010477c                svcMapProcessMemoryEx2
 .text.svcUnmapProcessMemoryEx
                0x0000000000104790        0x8 csvc.o
                0x0000000000104790                svcUnmapProcessMemoryEx
 .text.svcControlMemoryEx
                0x0000000000104798       0x20 csvc.o
                0x0000000000104798                svcControlMemoryEx
 .text.__sync_init
                0x00000000001047b8        0xc C:/devkitPro/libctru/lib\libctru.a(synchronization.o)
                0x00000000001047b8                __sync_init
 .text.__sync_fini
                0x00000000001047c4       0x18 C:/devkitPro/libctru/lib\libctru.a(synchronization.o)
                0x00000000001047c4                __sync_fini
 .text.LightLock_Init
                0x00000000001047dc       0x1c C:/devkitPro/libctru/lib\libctru.a(synchronization.o)
                0x00000000001047dc                LightLock_Init
 .text.LightLock_Lock
                0x00000000001047f8       0x94 C:/devkitPro/libctru/lib\libctru.a(synchronization.o)
                0x00000000001047f8                LightLock_Lock
 .text.LightLock_TryLock
                0x000000000010488c       0x44 C:/devkitPro/libctru/lib\libctru.a(synchronization.o)
                0x000000000010488c                LightLock_TryLock
 .text.LightLock_Unlock
                0x00000000001048d0       0x40 C:/devkitPro/libctru/lib\libctru.a(synchronization.o)
                0x00000000001048d0                LightLock_Unlock
 .text.RecursiveLock_Init
                0x0000000000104910       0x24 C:/devkitPro/libctru/lib\libctru.a(synchronization.o)
                0x0000000000104910                RecursiveLock_Init
 .text.RecursiveLock_Lock
                0x0000000000104934       0x30 C:/devkitPro/libctru/lib\libctru.a(synchronization.o)
                0x0000000000104934                RecursiveLock_Lock
 .text.RecursiveLock_TryLock
                0x0000000000104964       0x78 C:/devkitPro/libctru/lib\libctru.a(synchronization.o)
                0x0000000000104964                RecursiveLock_TryLock
 .text.RecursiveLock_Unlock
                0x00000000001049dc       0x54 C:/devkitPro/libctru/lib\libctru.a(synchronization.o)
                0x00000000001049dc                RecursiveLock_Unlock
 .text.srvSetBlockingPolicy
                0x0000000000104a30        0xc C:/devkitPro/libctru/lib\libctru.a(srv.o)
                0x0000000000104a30                srvSetBlockingPolicy
 .text.srvGetSessionHandle
                0x0000000000104a3c        0xc C:/devkitPro/libctru/lib\libctru.a(srv.o)
                0x0000000000104a3c                srvGetSessionHandle
 .text.srvRegisterClient
                0x0000000000104a48       0x34 C:/devkitPro/libctru/lib\libctru.a(srv.o)
                0x0000000000104a48                srvRegisterClient
 .text.srvEnableNotification
                0x0000000000104a7c       0x40 C:/devkitPro/libctru/lib\libctru.a(srv.o)
                0x0000000000104a7c                srvEnableNotification
 .text.srvRegisterService
                0x0000000000104abc       0x70 C:/devkitPro/libctru/lib\libctru.a(srv.o)
                0x0000000000104abc                srvRegisterService
 .text.srvGetServiceHandleDirect
                0x0000000000104b2c       0x80 C:/devkitPro/libctru/lib\libctru.a(srv.o)
                0x0000000000104b2c                srvGetServiceHandleDirect
 .text.srvGetServiceHandle
                0x0000000000104bac       0x48 C:/devkitPro/libctru/lib\libctru.a(srv.o)
                0x0000000000104bac                srvGetServiceHandle
 .text.srvSubscribe
                0x0000000000104bf4       0x34 C:/devkitPro/libctru/lib\libctru.a(srv.o)
                0x0000000000104bf4                srvSubscribe
 .text.srvReceiveNotification
                0x0000000000104c28       0x40 C:/devkitPro/libctru/lib\libctru.a(srv.o)
                0x0000000000104c28                srvReceiveNotification
 .text.srvIsServiceRegistered
                0x0000000000104c68       0x74 C:/devkitPro/libctru/lib\libctru.a(srv.o)
                0x0000000000104c68                srvIsServiceRegistered
 .text.mappableFindAddressWithin
                0x0000000000104cdc       0x94 C:/devkitPro/libctru/lib\libctru.a(mappable.o)
 .text.mappableInit
                0x0000000000104d70       0x28 C:/devkitPro/libctru/lib\libctru.a(mappable.o)
                0x0000000000104d70                mappableInit
 .text.mappableAlloc
                0x0000000000104d98       0x80 C:/devkitPro/libctru/lib\libctru.a(mappable.o)
                0x0000000000104d98                mappableAlloc
 .text.cfguInit
                0x0000000000104e18       0xa4 C:/devkitPro/libctru/lib\libctru.a(cfgu.o)
                0x0000000000104e18                cfguInit
 .text.cfguExit
                0x0000000000104ebc       0x3c C:/devkitPro/libctru/lib\libctru.a(cfgu.o)
                0x0000000000104ebc                cfguExit
 .text.CFG_GetConfigInfoBlk4
                0x0000000000104ef8       0x4c C:/devkitPro/libctru/lib\libctru.a(cfgu.o)
                0x0000000000104ef8                CFG_GetConfigInfoBlk4
 .text.fsMakePath
                0x0000000000104f44       0x84 C:/devkitPro/libctru/lib\libctru.a(fs.o)
                0x0000000000104f44                fsMakePath
 .text.fsGetSessionHandle
                0x0000000000104fc8        0xc C:/devkitPro/libctru/lib\libctru.a(fs.o)
                0x0000000000104fc8                fsGetSessionHandle
 .text.FSUSER_OpenFileDirectly
                0x0000000000104fd4       0xd4 C:/devkitPro/libctru/lib\libctru.a(fs.o)
                0x0000000000104fd4                FSUSER_OpenFileDirectly
 .text.FSUSER_InitializeWithSdkVersion
                0x00000000001050a8       0x30 C:/devkitPro/libctru/lib\libctru.a(fs.o)
                0x00000000001050a8                FSUSER_InitializeWithSdkVersion
 .text.FSUSER_SetPriority
                0x00000000001050d8       0x48 C:/devkitPro/libctru/lib\libctru.a(fs.o)
                0x00000000001050d8                FSUSER_SetPriority
 .text.FSFILE_Read
                0x0000000000105120       0x58 C:/devkitPro/libctru/lib\libctru.a(fs.o)
                0x0000000000105120                FSFILE_Read
 .text.FSFILE_GetSize
                0x0000000000105178       0x38 C:/devkitPro/libctru/lib\libctru.a(fs.o)
                0x0000000000105178                FSFILE_GetSize
 .text.FSFILE_Close
                0x00000000001051b0       0x3c C:/devkitPro/libctru/lib\libctru.a(fs.o)
                0x00000000001051b0                FSFILE_Close
 .text.pmDbgInit
                0x00000000001051ec       0x74 C:/devkitPro/libctru/lib\libctru.a(pmdbg.o)
                0x00000000001051ec                pmDbgInit
 .text.pmDbgExit
                0x0000000000105260       0x3c C:/devkitPro/libctru/lib\libctru.a(pmdbg.o)
                0x0000000000105260                pmDbgExit
 .text.pmDbgGetSessionHandle
                0x000000000010529c        0xc C:/devkitPro/libctru/lib\libctru.a(pmdbg.o)
                0x000000000010529c                pmDbgGetSessionHandle
 .text.ptmSysmInit
                0x00000000001052a8       0x74 C:/devkitPro/libctru/lib\libctru.a(ptmsysm.o)
                0x00000000001052a8                ptmSysmInit
 .text.ptmSysmExit
                0x000000000010531c       0x3c C:/devkitPro/libctru/lib\libctru.a(ptmsysm.o)
                0x000000000010531c                ptmSysmExit
 .text.PTMSYSM_NotifySleepPreparationComplete
                0x0000000000105358       0x3c C:/devkitPro/libctru/lib\libctru.a(ptmsysm.o)
                0x0000000000105358                PTMSYSM_NotifySleepPreparationComplete
 .text.__libctru_nanosleep
                0x0000000000105394       0x30 C:/devkitPro/libctru/lib\libctru.a(syscalls.o)
 .text.__libctru_get_reent
                0x00000000001053c4       0x30 C:/devkitPro/libctru/lib\libctru.a(syscalls.o)
 .text.__system_initSyscalls
                0x00000000001053f4       0xf8 C:/devkitPro/libctru/lib\libctru.a(syscalls.o)
                0x00000000001053f4                __system_initSyscalls
 .text.svcQueryMemory
                0x00000000001054ec       0x30 C:/devkitPro/libctru/lib\libctru.a(svc.o)
                0x00000000001054ec                svcQueryMemory
 .text.svcExitProcess
                0x000000000010551c        0x8 C:/devkitPro/libctru/lib\libctru.a(svc.o)
                0x000000000010551c                svcExitProcess
 .text.svcCreateThread
                0x0000000000105524       0x20 C:/devkitPro/libctru/lib\libctru.a(svc.o)
                0x0000000000105524                svcCreateThread
 .text.svcExitThread
                0x0000000000105544        0x8 C:/devkitPro/libctru/lib\libctru.a(svc.o)
                0x0000000000105544                svcExitThread
 .text.svcSleepThread
                0x000000000010554c        0x8 C:/devkitPro/libctru/lib\libctru.a(svc.o)
                0x000000000010554c                svcSleepThread
 .text.svcCreateEvent
                0x0000000000105554       0x14 C:/devkitPro/libctru/lib\libctru.a(svc.o)
                0x0000000000105554                svcCreateEvent
 .text.svcSignalEvent
                0x0000000000105568        0x8 C:/devkitPro/libctru/lib\libctru.a(svc.o)
                0x0000000000105568                svcSignalEvent
 .text.svcCreateTimer
                0x0000000000105570       0x14 C:/devkitPro/libctru/lib\libctru.a(svc.o)
                0x0000000000105570                svcCreateTimer
 .text.svcSetTimer
                0x0000000000105584       0x18 C:/devkitPro/libctru/lib\libctru.a(svc.o)
                0x0000000000105584                svcSetTimer
 .text.svcCreateMemoryBlock
                0x000000000010559c       0x18 C:/devkitPro/libctru/lib\libctru.a(svc.o)
                0x000000000010559c                svcCreateMemoryBlock
 .text.svcMapMemoryBlock
                0x00000000001055b4        0x8 C:/devkitPro/libctru/lib\libctru.a(svc.o)
                0x00000000001055b4                svcMapMemoryBlock
 .text.svcCreateAddressArbiter
                0x00000000001055bc       0x14 C:/devkitPro/libctru/lib\libctru.a(svc.o)
                0x00000000001055bc                svcCreateAddressArbiter
 .text.svcArbitrateAddressNoTimeout
                0x00000000001055d0        0x8 C:/devkitPro/libctru/lib\libctru.a(svc.o)
                0x00000000001055d0                svcArbitrateAddressNoTimeout
 .text.svcCloseHandle
                0x00000000001055d8        0x8 C:/devkitPro/libctru/lib\libctru.a(svc.o)
                0x00000000001055d8                svcCloseHandle
 .text.svcWaitSynchronization
                0x00000000001055e0        0x8 C:/devkitPro/libctru/lib\libctru.a(svc.o)
                0x00000000001055e0                svcWaitSynchronization
 .text.svcDuplicateHandle
                0x00000000001055e8       0x14 C:/devkitPro/libctru/lib\libctru.a(svc.o)
                0x00000000001055e8                svcDuplicateHandle
 .text.svcGetSystemTick
                0x00000000001055fc        0x8 C:/devkitPro/libctru/lib\libctru.a(svc.o)
                0x00000000001055fc                svcGetSystemTick
 .text.svcGetProcessInfo
                0x0000000000105604       0x18 C:/devkitPro/libctru/lib\libctru.a(svc.o)
                0x0000000000105604                svcGetProcessInfo
 .text.svcConnectToPort
                0x000000000010561c       0x14 C:/devkitPro/libctru/lib\libctru.a(svc.o)
                0x000000000010561c                svcConnectToPort
 .text.svcSendSyncRequest
                0x0000000000105630        0x8 C:/devkitPro/libctru/lib\libctru.a(svc.o)
                0x0000000000105630                svcSendSyncRequest
 .text.svcOpenProcess
                0x0000000000105638       0x14 C:/devkitPro/libctru/lib\libctru.a(svc.o)
                0x0000000000105638                svcOpenProcess
 .text.svcBreak
                0x000000000010564c        0x8 C:/devkitPro/libctru/lib\libctru.a(svc.o)
                0x000000000010564c                svcBreak
 .text.svcAcceptSession
                0x0000000000105654       0x18 C:/devkitPro/libctru/lib\libctru.a(svc.o)
                0x0000000000105654                svcAcceptSession
 .text.svcReplyAndReceive
                0x000000000010566c       0x18 C:/devkitPro/libctru/lib\libctru.a(svc.o)
                0x000000000010566c                svcReplyAndReceive
 .text.svcGetProcessList
                0x0000000000105684       0x14 C:/devkitPro/libctru/lib\libctru.a(svc.o)
                0x0000000000105684                svcGetProcessList
 .text.envGetHandle
                0x0000000000105698       0x84 C:/devkitPro/libctru/lib\libctru.a(env.o)
                0x0000000000105698                envGetHandle
 .text.osGetTimeRef
                0x000000000010571c       0x54 C:/devkitPro/libctru/lib\libctru.a(os.o)
                0x000000000010571c                osGetTimeRef
 .text.osGetTime
                0x0000000000105770       0xe4 C:/devkitPro/libctru/lib\libctru.a(os.o)
                0x0000000000105770                osGetTime
 .text.__libctru_gtod
                0x0000000000105854       0x74 C:/devkitPro/libctru/lib\libctru.a(os.o)
                0x0000000000105854                __libctru_gtod
 .text.pow      0x00000000001058c8      0x6f8 c:/devkitpro/devkitarm/bin/../lib/gcc/arm-none-eabi/10.2.0/../../../../arm-none-eabi/lib/armv6k/fpu\libm.a(lib_a-pow.o)
                0x00000000001058c8                pow
 .text.floor    0x0000000000105fc0      0x164 c:/devkitpro/devkitarm/bin/../lib/gcc/arm-none-eabi/10.2.0/../../../../arm-none-eabi/lib/armv6k/fpu\libm.a(lib_a-s_floor.o)
                0x0000000000105fc0                floor
 *fill*         0x0000000000106124        0x4 
 .text.sqrt     0x0000000000106128       0x74 c:/devkitpro/devkitarm/bin/../lib/gcc/arm-none-eabi/10.2.0/../../../../arm-none-eabi/lib/armv6k/fpu\libm.a(lib_a-w_sqrt.o)
                0x0000000000106128                sqrt
 .text.__ieee754_sqrt
                0x000000000010619c        0x8 c:/devkitpro/devkitarm/bin/../lib/gcc/arm-none-eabi/10.2.0/../../../../arm-none-eabi/lib/armv6k/fpu\libm.a(lib_a-e_sqrt.o)
                0x000000000010619c                __ieee754_sqrt
 .text.with_errno
                0x00000000001061a4       0x24 c:/devkitpro/devkitarm/bin/../lib/gcc/arm-none-eabi/10.2.0/../../../../arm-none-eabi/lib/armv6k/fpu\libm.a(lib_a-math_err.o)
 .text.xflow    0x00000000001061c8       0x28 c:/devkitpro/devkitarm/bin/../lib/gcc/arm-none-eabi/10.2.0/../../../../arm-none-eabi/lib/armv6k/fpu\libm.a(lib_a-math_err.o)
 .text.__math_uflow
                0x00000000001061f0       0x10 c:/devkitpro/devkitarm/bin/../lib/gcc/arm-none-eabi/10.2.0/../../../../arm-none-eabi/lib/armv6k/fpu\libm.a(lib_a-math_err.o)
                0x00000000001061f0                __math_uflow
 .text.__math_oflow
                0x0000000000106200       0x10 c:/devkitpro/devkitarm/bin/../lib/gcc/arm-none-eabi/10.2.0/../../../../arm-none-eabi/lib/armv6k/fpu\libm.a(lib_a-math_err.o)
                0x0000000000106200                __math_oflow
 .text.__math_divzero
                0x0000000000106210       0x50 c:/devkitpro/devkitarm/bin/../lib/gcc/arm-none-eabi/10.2.0/../../../../arm-none-eabi/lib/armv6k/fpu\libm.a(lib_a-math_err.o)
                0x0000000000106210                __math_divzero
 .text.__math_invalid
                0x0000000000106260       0x1c c:/devkitpro/devkitarm/bin/../lib/gcc/arm-none-eabi/10.2.0/../../../../arm-none-eabi/lib/armv6k/fpu\libm.a(lib_a-math_err.o)
                0x0000000000106260                __math_invalid
 .text.__math_check_uflow
                0x000000000010627c       0x14 c:/devkitpro/devkitarm/bin/../lib/gcc/arm-none-eabi/10.2.0/../../../../arm-none-eabi/lib/armv6k/fpu\libm.a(lib_a-math_err.o)
                0x000000000010627c                __math_check_uflow
 .text.__math_check_oflow
                0x0000000000106290       0x28 c:/devkitpro/devkitarm/bin/../lib/gcc/arm-none-eabi/10.2.0/../../../../arm-none-eabi/lib/armv6k/fpu\libm.a(lib_a-math_err.o)
                0x0000000000106290                __math_check_oflow
 .text.__udivmoddi4
                0x00000000001062b8      0x120 c:/devkitpro/devkitarm/bin/../lib/gcc/arm-none-eabi/10.2.0/armv6k/fpu\libgcc.a(_udivmoddi4.o)
                0x00000000001062b8                __udivmoddi4
 .text.calloc   0x00000000001063d8       0x28 c:/devkitpro/devkitarm/bin/../lib/gcc/arm-none-eabi/10.2.0/../../../../arm-none-eabi/lib/armv6k/fpu\libc.a(lib_a-calloc.o)
                0x00000000001063d8                calloc
 .text._calloc_r
                0x0000000000106400       0x94 c:/devkitpro/devkitarm/bin/../lib/gcc/arm-none-eabi/10.2.0/../../../../arm-none-eabi/lib/armv6k/fpu\libc.a(lib_a-callocr.o)
                0x0000000000106400                _calloc_r
 .text.__errno  0x0000000000106494        0xc c:/devkitpro/devkitarm/bin/../lib/gcc/arm-none-eabi/10.2.0/../../../../arm-none-eabi/lib/armv6k/fpu\libc.a(lib_a-errno.o)
                0x0000000000106494                __errno
 .text.exit     0x00000000001064a0       0x34 c:/devkitpro/devkitarm/bin/../lib/gcc/arm-none-eabi/10.2.0/../../../../arm-none-eabi/lib/armv6k/fpu\libc.a(lib_a-exit.o)
                0x00000000001064a0                exit
 .text.__libc_fini_array
                0x00000000001064d4       0x3c c:/devkitpro/devkitarm/bin/../lib/gcc/arm-none-eabi/10.2.0/../../../../arm-none-eabi/lib/armv6k/fpu\libc.a(lib_a-fini.o)
                0x00000000001064d4                __libc_fini_array
 .text.__libc_init_array
                0x0000000000106510       0x7c c:/devkitpro/devkitarm/bin/../lib/gcc/arm-none-eabi/10.2.0/../../../../arm-none-eabi/lib/armv6k/fpu\libc.a(lib_a-init.o)
                0x0000000000106510                __libc_init_array
 .text.malloc   0x000000000010658c       0x20 c:/devkitpro/devkitarm/bin/../lib/gcc/arm-none-eabi/10.2.0/../../../../arm-none-eabi/lib/armv6k/fpu\libc.a(lib_a-malloc.o)
                0x000000000010658c                malloc
 .text.free     0x00000000001065ac       0x20 c:/devkitpro/devkitarm/bin/../lib/gcc/arm-none-eabi/10.2.0/../../../../arm-none-eabi/lib/armv6k/fpu\libc.a(lib_a-malloc.o)
                0x00000000001065ac                free
 .text._malloc_r
                0x00000000001065cc      0x7f0 c:/devkitpro/devkitarm/bin/../lib/gcc/arm-none-eabi/10.2.0/../../../../arm-none-eabi/lib/armv6k/fpu\libc.a(lib_a-mallocr.o)
                0x00000000001065cc                _malloc_r
 .text.memcmp   0x0000000000106dbc       0xa8 c:/devkitpro/devkitarm/bin/../lib/gcc/arm-none-eabi/10.2.0/../../../../arm-none-eabi/lib/armv6k/fpu\libc.a(lib_a-memcmp.o)
                0x0000000000106dbc                memcmp
 .text.memcpy   0x0000000000106e64      0x11c c:/devkitpro/devkitarm/bin/../lib/gcc/arm-none-eabi/10.2.0/../../../../arm-none-eabi/lib/armv6k/fpu\libc.a(lib_a-memcpy-stub.o)
                0x0000000000106e64                memcpy
 .text.memset   0x0000000000106f80      0x118 c:/devkitpro/devkitarm/bin/../lib/gcc/arm-none-eabi/10.2.0/../../../../arm-none-eabi/lib/armv6k/fpu\libc.a(lib_a-memset.o)
                0x0000000000106f80                memset
 .text.__malloc_lock
                0x0000000000107098        0xc c:/devkitpro/devkitarm/bin/../lib/gcc/arm-none-eabi/10.2.0/../../../../arm-none-eabi/lib/armv6k/fpu\libc.a(lib_a-mlock.o)
                0x0000000000107098                __malloc_lock
 .text.__malloc_unlock
                0x00000000001070a4        0xc c:/devkitpro/devkitarm/bin/../lib/gcc/arm-none-eabi/10.2.0/../../../../arm-none-eabi/lib/armv6k/fpu\libc.a(lib_a-mlock.o)
                0x00000000001070a4                __malloc_unlock
 .text.sprintf  0x00000000001070b0       0x64 c:/devkitpro/devkitarm/bin/../lib/gcc/arm-none-eabi/10.2.0/../../../../arm-none-eabi/lib/armv6k/fpu\libc.a(lib_a-sprintf.o)
                0x00000000001070b0                sprintf
 .text.strcasecmp
                0x0000000000107114       0x64 c:/devkitpro/devkitarm/bin/../lib/gcc/arm-none-eabi/10.2.0/../../../../arm-none-eabi/lib/armv6k/fpu\libc.a(lib_a-strcasecmp.o)
                0x0000000000107114                strcasecmp
 .text.strcpy   0x0000000000107178       0xf0 c:/devkitpro/devkitarm/bin/../lib/gcc/arm-none-eabi/10.2.0/../../../../arm-none-eabi/lib/armv6k/fpu\libc.a(lib_a-strcpy.o)
                0x0000000000107178                strcpy
 .text.strlen   0x0000000000107268       0x5c c:/devkitpro/devkitarm/bin/../lib/gcc/arm-none-eabi/10.2.0/../../../../arm-none-eabi/lib/armv6k/fpu\libc.a(lib_a-strlen-stub.o)
                0x0000000000107268                strlen
 .text.strncmp  0x00000000001072c4       0xdc c:/devkitpro/devkitarm/bin/../lib/gcc/arm-none-eabi/10.2.0/../../../../arm-none-eabi/lib/armv6k/fpu\libc.a(lib_a-strncmp.o)
                0x00000000001072c4                strncmp
 .text.strncpy  0x00000000001073a0       0xc0 c:/devkitpro/devkitarm/bin/../lib/gcc/arm-none-eabi/10.2.0/../../../../arm-none-eabi/lib/armv6k/fpu\libc.a(lib_a-strncpy.o)
                0x00000000001073a0                strncpy
 .text.strnlen  0x0000000000107460       0x48 c:/devkitpro/devkitarm/bin/../lib/gcc/arm-none-eabi/10.2.0/../../../../arm-none-eabi/lib/armv6k/fpu\libc.a(lib_a-strnlen.o)
                0x0000000000107460                strnlen
 .text.get_arg  0x00000000001074a8      0x64c c:/devkitpro/devkitarm/bin/../lib/gcc/arm-none-eabi/10.2.0/../../../../arm-none-eabi/lib/armv6k/fpu\libc.a(lib_a-svfprintf.o)
 *fill*         0x0000000000107af4        0x4 
 .text._svfprintf_r
                0x0000000000107af8     0x3808 c:/devkitpro/devkitarm/bin/../lib/gcc/arm-none-eabi/10.2.0/../../../../arm-none-eabi/lib/armv6k/fpu\libc.a(lib_a-svfprintf.o)
                0x0000000000107af8                _svfprintf_r
 .text._wcrtomb_r
                0x000000000010b300       0x54 c:/devkitpro/devkitarm/bin/../lib/gcc/arm-none-eabi/10.2.0/../../../../arm-none-eabi/lib/armv6k/fpu\libc.a(lib_a-wcrtomb.o)
                0x000000000010b300                _wcrtomb_r
 .text._wcsrtombs_r
                0x000000000010b354       0x28 c:/devkitpro/devkitarm/bin/../lib/gcc/arm-none-eabi/10.2.0/../../../../arm-none-eabi/lib/armv6k/fpu\libc.a(lib_a-wcsrtombs.o)
                0x000000000010b354                _wcsrtombs_r
 .text.__call_exitprocs
                0x000000000010b37c      0x114 c:/devkitpro/devkitarm/bin/../lib/gcc/arm-none-eabi/10.2.0/../../../../arm-none-eabi/lib/armv6k/fpu\libc.a(lib_a-__call_atexit.o)
                0x000000000010b37c                __call_exitprocs
 .text.quorem   0x000000000010b490      0x1a8 c:/devkitpro/devkitarm/bin/../lib/gcc/arm-none-eabi/10.2.0/../../../../arm-none-eabi/lib/armv6k/fpu\libc.a(lib_a-dtoa.o)
 .text._dtoa_r  0x000000000010b638     0x12ec c:/devkitpro/devkitarm/bin/../lib/gcc/arm-none-eabi/10.2.0/../../../../arm-none-eabi/lib/armv6k/fpu\libc.a(lib_a-dtoa.o)
                0x000000000010b638                _dtoa_r
 .text._malloc_trim_r
                0x000000000010c924       0xf8 c:/devkitpro/devkitarm/bin/../lib/gcc/arm-none-eabi/10.2.0/../../../../arm-none-eabi/lib/armv6k/fpu\libc.a(lib_a-freer.o)
                0x000000000010c924                _malloc_trim_r
 .text._free_r  0x000000000010ca1c      0x2e4 c:/devkitpro/devkitarm/bin/../lib/gcc/arm-none-eabi/10.2.0/../../../../arm-none-eabi/lib/armv6k/fpu\libc.a(lib_a-freer.o)
                0x000000000010ca1c                _free_r
 .text._localeconv_r
                0x000000000010cd00        0xc c:/devkitpro/devkitarm/bin/../lib/gcc/arm-none-eabi/10.2.0/../../../../arm-none-eabi/lib/armv6k/fpu\libc.a(lib_a-localeconv.o)
                0x000000000010cd00                _localeconv_r
 .text.__locale_mb_cur_max
                0x000000000010cd0c       0x10 c:/devkitpro/devkitarm/bin/../lib/gcc/arm-none-eabi/10.2.0/../../../../arm-none-eabi/lib/armv6k/fpu\libc.a(lib_a-locale.o)
                0x000000000010cd0c                __locale_mb_cur_max
 .text.__utf8_mbtowc
                0x000000000010cd1c      0x2fc c:/devkitpro/devkitarm/bin/../lib/gcc/arm-none-eabi/10.2.0/../../../../arm-none-eabi/lib/armv6k/fpu\libc.a(lib_a-mbtowc_r.o)
                0x000000000010cd1c                __utf8_mbtowc
 .text.memchr   0x000000000010d018       0xe0 c:/devkitpro/devkitarm/bin/../lib/gcc/arm-none-eabi/10.2.0/../../../../arm-none-eabi/lib/armv6k/fpu\libc.a(lib_a-memchr-stub.o)
                0x000000000010d018                memchr
 .text._Balloc  0x000000000010d0f8       0x88 c:/devkitpro/devkitarm/bin/../lib/gcc/arm-none-eabi/10.2.0/../../../../arm-none-eabi/lib/armv6k/fpu\libc.a(lib_a-mprec.o)
                0x000000000010d0f8                _Balloc
 .text._Bfree   0x000000000010d180       0x1c c:/devkitpro/devkitarm/bin/../lib/gcc/arm-none-eabi/10.2.0/../../../../arm-none-eabi/lib/armv6k/fpu\libc.a(lib_a-mprec.o)
                0x000000000010d180                _Bfree
 .text.__multadd
                0x000000000010d19c       0xf4 c:/devkitpro/devkitarm/bin/../lib/gcc/arm-none-eabi/10.2.0/../../../../arm-none-eabi/lib/armv6k/fpu\libc.a(lib_a-mprec.o)
                0x000000000010d19c                __multadd
 .text.__hi0bits
                0x000000000010d290       0x58 c:/devkitpro/devkitarm/bin/../lib/gcc/arm-none-eabi/10.2.0/../../../../arm-none-eabi/lib/armv6k/fpu\libc.a(lib_a-mprec.o)
                0x000000000010d290                __hi0bits
 .text.__lo0bits
                0x000000000010d2e8       0x9c c:/devkitpro/devkitarm/bin/../lib/gcc/arm-none-eabi/10.2.0/../../../../arm-none-eabi/lib/armv6k/fpu\libc.a(lib_a-mprec.o)
                0x000000000010d2e8                __lo0bits
 .text.__i2b    0x000000000010d384       0xa4 c:/devkitpro/devkitarm/bin/../lib/gcc/arm-none-eabi/10.2.0/../../../../arm-none-eabi/lib/armv6k/fpu\libc.a(lib_a-mprec.o)
                0x000000000010d384                __i2b
 .text.__multiply
                0x000000000010d428      0x204 c:/devkitpro/devkitarm/bin/../lib/gcc/arm-none-eabi/10.2.0/../../../../arm-none-eabi/lib/armv6k/fpu\libc.a(lib_a-mprec.o)
                0x000000000010d428                __multiply
 .text.__pow5mult
                0x000000000010d62c      0x120 c:/devkitpro/devkitarm/bin/../lib/gcc/arm-none-eabi/10.2.0/../../../../arm-none-eabi/lib/armv6k/fpu\libc.a(lib_a-mprec.o)
                0x000000000010d62c                __pow5mult
 .text.__lshift
                0x000000000010d74c      0x13c c:/devkitpro/devkitarm/bin/../lib/gcc/arm-none-eabi/10.2.0/../../../../arm-none-eabi/lib/armv6k/fpu\libc.a(lib_a-mprec.o)
                0x000000000010d74c                __lshift
 .text.__mcmp   0x000000000010d888       0x58 c:/devkitpro/devkitarm/bin/../lib/gcc/arm-none-eabi/10.2.0/../../../../arm-none-eabi/lib/armv6k/fpu\libc.a(lib_a-mprec.o)
                0x000000000010d888                __mcmp
 .text.__mdiff  0x000000000010d8e0      0x1cc c:/devkitpro/devkitarm/bin/../lib/gcc/arm-none-eabi/10.2.0/../../../../arm-none-eabi/lib/armv6k/fpu\libc.a(lib_a-mprec.o)
                0x000000000010d8e0                __mdiff
 .text.__d2b    0x000000000010daac      0x12c c:/devkitpro/devkitarm/bin/../lib/gcc/arm-none-eabi/10.2.0/../../../../arm-none-eabi/lib/armv6k/fpu\libc.a(lib_a-mprec.o)
                0x000000000010daac                __d2b
 .text.frexp    0x000000000010dbd8       0xa8 c:/devkitpro/devkitarm/bin/../lib/gcc/arm-none-eabi/10.2.0/../../../../arm-none-eabi/lib/armv6k/fpu\libc.a(lib_a-s_frexp.o)
                0x000000000010dbd8                frexp
 .text.__ssprint_r
                0x000000000010dc80      0x188 c:/devkitpro/devkitarm/bin/../lib/gcc/arm-none-eabi/10.2.0/../../../../arm-none-eabi/lib/armv6k/fpu\libc.a(lib_a-svfiprintf.o)
                0x000000000010dc80                __ssprint_r
 .text._wcsnrtombs_l
                0x000000000010de08      0x190 c:/devkitpro/devkitarm/bin/../lib/gcc/arm-none-eabi/10.2.0/../../../../arm-none-eabi/lib/armv6k/fpu\libc.a(lib_a-wcsnrtombs.o)
                0x000000000010de08                _wcsnrtombs_l
 .text._wcsnrtombs_r
                0x000000000010df98       0x4c c:/devkitpro/devkitarm/bin/../lib/gcc/arm-none-eabi/10.2.0/../../../../arm-none-eabi/lib/armv6k/fpu\libc.a(lib_a-wcsnrtombs.o)
                0x000000000010df98                _wcsnrtombs_r
 .text.__utf8_wctomb
                0x000000000010dfe4       0xf0 c:/devkitpro/devkitarm/bin/../lib/gcc/arm-none-eabi/10.2.0/../../../../arm-none-eabi/lib/armv6k/fpu\libc.a(lib_a-wctomb_r.o)
                0x000000000010dfe4                __utf8_wctomb
 .text.__assert_func
                0x000000000010e0d4       0x5c c:/devkitpro/devkitarm/bin/../lib/gcc/arm-none-eabi/10.2.0/../../../../arm-none-eabi/lib/armv6k/fpu\libc.a(lib_a-assert.o)
                0x000000000010e0d4                __assert_func
 .text.fiprintf
                0x000000000010e130       0x3c c:/devkitpro/devkitarm/bin/../lib/gcc/arm-none-eabi/10.2.0/../../../../arm-none-eabi/lib/armv6k/fpu\libc.a(lib_a-fiprintf.o)
                0x000000000010e130                fiprintf
 .text.memmove  0x000000000010e16c      0x154 c:/devkitpro/devkitarm/bin/../lib/gcc/arm-none-eabi/10.2.0/../../../../arm-none-eabi/lib/armv6k/fpu\libc.a(lib_a-memmove.o)
                0x000000000010e16c                memmove
 .text._realloc_r
                0x000000000010e2c0      0x598 c:/devkitpro/devkitarm/bin/../lib/gcc/arm-none-eabi/10.2.0/../../../../arm-none-eabi/lib/armv6k/fpu\libc.a(lib_a-reallocr.o)
                0x000000000010e2c0                _realloc_r
 .text.get_arg  0x000000000010e858      0x64c c:/devkitpro/devkitarm/bin/../lib/gcc/arm-none-eabi/10.2.0/../../../../arm-none-eabi/lib/armv6k/fpu\libc.a(lib_a-vfiprintf.o)
 .text.__sprint_r
                0x000000000010eea4       0x34 c:/devkitpro/devkitarm/bin/../lib/gcc/arm-none-eabi/10.2.0/../../../../arm-none-eabi/lib/armv6k/fpu\libc.a(lib_a-vfiprintf.o)
                0x000000000010eea4                __sprint_r
 .text._vfiprintf_r
                0x000000000010eed8     0x2584 c:/devkitpro/devkitarm/bin/../lib/gcc/arm-none-eabi/10.2.0/../../../../arm-none-eabi/lib/armv6k/fpu\libc.a(lib_a-vfiprintf.o)
                0x000000000010eed8                _vfiprintf_r
 .text.__sbprintf
                0x000000000011145c       0xd4 c:/devkitpro/devkitarm/bin/../lib/gcc/arm-none-eabi/10.2.0/../../../../arm-none-eabi/lib/armv6k/fpu\libc.a(lib_a-vfiprintf.o)
 .text.__swsetup_r
                0x0000000000111530      0x154 c:/devkitpro/devkitarm/bin/../lib/gcc/arm-none-eabi/10.2.0/../../../../arm-none-eabi/lib/armv6k/fpu\libc.a(lib_a-wsetup.o)
                0x0000000000111530                __swsetup_r
 .text.abort    0x0000000000111684       0x14 c:/devkitpro/devkitarm/bin/../lib/gcc/arm-none-eabi/10.2.0/../../../../arm-none-eabi/lib/armv6k/fpu\libc.a(lib_a-abort.o)
                0x0000000000111684                abort
 .text.__sflush_r
                0x0000000000111698      0x258 c:/devkitpro/devkitarm/bin/../lib/gcc/arm-none-eabi/10.2.0/../../../../arm-none-eabi/lib/armv6k/fpu\libc.a(lib_a-fflush.o)
                0x0000000000111698                __sflush_r
 .text._fflush_r
                0x00000000001118f0       0x94 c:/devkitpro/devkitarm/bin/../lib/gcc/arm-none-eabi/10.2.0/../../../../arm-none-eabi/lib/armv6k/fpu\libc.a(lib_a-fflush.o)
                0x00000000001118f0                _fflush_r
 .text._cleanup_r
                0x0000000000111984        0xc c:/devkitpro/devkitarm/bin/../lib/gcc/arm-none-eabi/10.2.0/../../../../arm-none-eabi/lib/armv6k/fpu\libc.a(lib_a-findfp.o)
                0x0000000000111984                _cleanup_r
 .text.__sinit  0x0000000000111990      0x184 c:/devkitpro/devkitarm/bin/../lib/gcc/arm-none-eabi/10.2.0/../../../../arm-none-eabi/lib/armv6k/fpu\libc.a(lib_a-findfp.o)
                0x0000000000111990                __sinit
 .text.__sfp_lock_acquire
                0x0000000000111b14        0xc c:/devkitpro/devkitarm/bin/../lib/gcc/arm-none-eabi/10.2.0/../../../../arm-none-eabi/lib/armv6k/fpu\libc.a(lib_a-findfp.o)
                0x0000000000111b14                __sfp_lock_acquire
 .text.__sfp_lock_release
                0x0000000000111b20        0xc c:/devkitpro/devkitarm/bin/../lib/gcc/arm-none-eabi/10.2.0/../../../../arm-none-eabi/lib/armv6k/fpu\libc.a(lib_a-findfp.o)
                0x0000000000111b20                __sfp_lock_release
 .text.__sfvwrite_r
                0x0000000000111b2c      0x4a4 c:/devkitpro/devkitarm/bin/../lib/gcc/arm-none-eabi/10.2.0/../../../../arm-none-eabi/lib/armv6k/fpu\libc.a(lib_a-fvwrite.o)
                0x0000000000111b2c                __sfvwrite_r
 .text._fwalk_reent
                0x0000000000111fd0       0x70 c:/devkitpro/devkitarm/bin/../lib/gcc/arm-none-eabi/10.2.0/../../../../arm-none-eabi/lib/armv6k/fpu\libc.a(lib_a-fwalk.o)
                0x0000000000111fd0                _fwalk_reent
 .text.__smakebuf_r
                0x0000000000112040      0x138 c:/devkitpro/devkitarm/bin/../lib/gcc/arm-none-eabi/10.2.0/../../../../arm-none-eabi/lib/armv6k/fpu\libc.a(lib_a-makebuf.o)
                0x0000000000112040                __smakebuf_r
 .text._raise_r
                0x0000000000112178       0x98 c:/devkitpro/devkitarm/bin/../lib/gcc/arm-none-eabi/10.2.0/../../../../arm-none-eabi/lib/armv6k/fpu\libc.a(lib_a-signal.o)
                0x0000000000112178                _raise_r
 .text.raise    0x0000000000112210       0x20 c:/devkitpro/devkitarm/bin/../lib/gcc/arm-none-eabi/10.2.0/../../../../arm-none-eabi/lib/armv6k/fpu\libc.a(lib_a-signal.o)
                0x0000000000112210                raise
 .text.__sread  0x0000000000112230       0x44 c:/devkitpro/devkitarm/bin/../lib/gcc/arm-none-eabi/10.2.0/../../../../arm-none-eabi/lib/armv6k/fpu\libc.a(lib_a-stdio.o)
                0x0000000000112230                __sread
 .text.__swrite
                0x0000000000112274       0x68 c:/devkitpro/devkitarm/bin/../lib/gcc/arm-none-eabi/10.2.0/../../../../arm-none-eabi/lib/armv6k/fpu\libc.a(lib_a-stdio.o)
                0x0000000000112274                __swrite
 .text.__sseek  0x00000000001122dc       0x48 c:/devkitpro/devkitarm/bin/../lib/gcc/arm-none-eabi/10.2.0/../../../../arm-none-eabi/lib/armv6k/fpu\libc.a(lib_a-stdio.o)
                0x00000000001122dc                __sseek
 .text.__sclose
                0x0000000000112324        0x8 c:/devkitpro/devkitarm/bin/../lib/gcc/arm-none-eabi/10.2.0/../../../../arm-none-eabi/lib/armv6k/fpu\libc.a(lib_a-stdio.o)
                0x0000000000112324                __sclose
 .text._fclose_r
                0x000000000011232c      0x160 c:/devkitpro/devkitarm/bin/../lib/gcc/arm-none-eabi/10.2.0/../../../../arm-none-eabi/lib/armv6k/fpu\libc.a(lib_a-fclose.o)
                0x000000000011232c                _fclose_r
 .text._fstat_r
                0x000000000011248c       0x78 c:/devkitpro/devkitarm/bin/../lib/gcc/arm-none-eabi/10.2.0/../../../../arm-none-eabi/lib/armv6k/fpu\libsysbase.a(fstat.o)
                0x000000000011248c                _fstat_r
 .text._getpid_r
                0x0000000000112504       0x14 c:/devkitpro/devkitarm/bin/../lib/gcc/arm-none-eabi/10.2.0/../../../../arm-none-eabi/lib/armv6k/fpu\libsysbase.a(getpid.o)
                0x0000000000112504                _getpid_r
 .text._isatty_r
                0x0000000000112518        0x8 c:/devkitpro/devkitarm/bin/../lib/gcc/arm-none-eabi/10.2.0/../../../../arm-none-eabi/lib/armv6k/fpu\libsysbase.a(isatty.o)
                0x0000000000112518                _isatty_r
 .text._kill_r  0x0000000000112520       0x14 c:/devkitpro/devkitarm/bin/../lib/gcc/arm-none-eabi/10.2.0/../../../../arm-none-eabi/lib/armv6k/fpu\libsysbase.a(kill.o)
                0x0000000000112520                _kill_r
 .text._lseek_r
                0x0000000000112534       0x84 c:/devkitpro/devkitarm/bin/../lib/gcc/arm-none-eabi/10.2.0/../../../../arm-none-eabi/lib/armv6k/fpu\libsysbase.a(lseek.o)
                0x0000000000112534                _lseek_r
 .text._read_r  0x00000000001125b8       0x80 c:/devkitpro/devkitarm/bin/../lib/gcc/arm-none-eabi/10.2.0/../../../../arm-none-eabi/lib/armv6k/fpu\libsysbase.a(read.o)
                0x00000000001125b8                _read_r
 .text._sbrk_r  0x0000000000112638       0x78 c:/devkitpro/devkitarm/bin/../lib/gcc/arm-none-eabi/10.2.0/../../../../arm-none-eabi/lib/armv6k/fpu\libsysbase.a(sbrk.o)
                0x0000000000112638                _sbrk_r
 .text._write_r
                0x00000000001126b0       0x80 c:/devkitpro/devkitarm/bin/../lib/gcc/arm-none-eabi/10.2.0/../../../../arm-none-eabi/lib/armv6k/fpu\libsysbase.a(write.o)
                0x00000000001126b0                _write_r
 .text._exit    0x0000000000112730       0x24 c:/devkitpro/devkitarm/bin/../lib/gcc/arm-none-eabi/10.2.0/../../../../arm-none-eabi/lib/armv6k/fpu\libsysbase.a(_exit.o)
                0x0000000000112730                _exit
 .text.__flockfile
                0x0000000000112754        0x8 c:/devkitpro/devkitarm/bin/../lib/gcc/arm-none-eabi/10.2.0/../../../../arm-none-eabi/lib/armv6k/fpu\libsysbase.a(flock.o)
                0x0000000000112754                __flockfile
 .text.__funlockfile
                0x000000000011275c        0x8 c:/devkitpro/devkitarm/bin/../lib/gcc/arm-none-eabi/10.2.0/../../../../arm-none-eabi/lib/armv6k/fpu\libsysbase.a(flock.o)
                0x000000000011275c                __funlockfile
 .text.__libc_lock_acquire
                0x0000000000112764       0x18 c:/devkitpro/devkitarm/bin/../lib/gcc/arm-none-eabi/10.2.0/../../../../arm-none-eabi/lib/armv6k/fpu\libsysbase.a(syscall_support.o)
                0x0000000000112764                __libc_lock_acquire
 .text.__libc_lock_release
                0x000000000011277c       0x18 c:/devkitpro/devkitarm/bin/../lib/gcc/arm-none-eabi/10.2.0/../../../../arm-none-eabi/lib/armv6k/fpu\libsysbase.a(syscall_support.o)
                0x000000000011277c                __libc_lock_release
 .text.__libc_lock_init_recursive
                0x0000000000112794       0x18 c:/devkitpro/devkitarm/bin/../lib/gcc/arm-none-eabi/10.2.0/../../../../arm-none-eabi/lib/armv6k/fpu\libsysbase.a(syscall_support.o)
                0x0000000000112794                __libc_lock_init_recursive
 .text.__libc_lock_acquire_recursive
                0x00000000001127ac       0x18 c:/devkitpro/devkitarm/bin/../lib/gcc/arm-none-eabi/10.2.0/../../../../arm-none-eabi/lib/armv6k/fpu\libsysbase.a(syscall_support.o)
                0x00000000001127ac                __libc_lock_acquire_recursive
 .text.__libc_lock_release_recursive
                0x00000000001127c4       0x18 c:/devkitpro/devkitarm/bin/../lib/gcc/arm-none-eabi/10.2.0/../../../../arm-none-eabi/lib/armv6k/fpu\libsysbase.a(syscall_support.o)
                0x00000000001127c4                __libc_lock_release_recursive
 .text.__libc_lock_close_recursive
                0x00000000001127dc       0x18 c:/devkitpro/devkitarm/bin/../lib/gcc/arm-none-eabi/10.2.0/../../../../arm-none-eabi/lib/armv6k/fpu\libsysbase.a(syscall_support.o)
                0x00000000001127dc                __libc_lock_close_recursive
 .text.__get_handle
                0x00000000001127f4       0x3c c:/devkitpro/devkitarm/bin/../lib/gcc/arm-none-eabi/10.2.0/../../../../arm-none-eabi/lib/armv6k/fpu\libsysbase.a(handle_manager.o)
                0x00000000001127f4                __get_handle
 .text._close_r
                0x0000000000112830       0xf4 c:/devkitpro/devkitarm/bin/../lib/gcc/arm-none-eabi/10.2.0/../../../../arm-none-eabi/lib/armv6k/fpu\libsysbase.a(handle_manager.o)
                0x0000000000112830                _close_r
 .text.__getreent
                0x0000000000112924       0x28 c:/devkitpro/devkitarm/bin/../lib/gcc/arm-none-eabi/10.2.0/../../../../arm-none-eabi/lib/armv6k/fpu\libsysbase.a(getreent.o)
                0x0000000000112924                __getreent
 .text.null_write
                0x000000000011294c        0x8 c:/devkitpro/devkitarm/bin/../lib/gcc/arm-none-eabi/10.2.0/../../../../arm-none-eabi/lib/armv6k/fpu\libsysbase.a(iosupport.o)
 *(.glue_7)
 .glue_7        0x0000000000112954        0x0 linker stubs
 *(.glue_7t)
 .glue_7t       0x0000000000112954        0x0 linker stubs
 *(.stub)
 *(.gnu.warning)
 *(.gnu.linkonce.t*)
                0x0000000000112954                . = ALIGN (0x4)
 *(.fini)
 .fini          0x0000000000112954        0xc c:/devkitpro/devkitarm/bin/../lib/gcc/arm-none-eabi/10.2.0/armv6k/fpu/crti.o
                0x0000000000112954                _fini
 .fini          0x0000000000112960        0xc c:/devkitpro/devkitarm/bin/../lib/gcc/arm-none-eabi/10.2.0/armv6k/fpu/crtn.o
                0x000000000011296c                . = ALIGN (0x4)

.vfp11_veneer   0x000000000011296c        0x0
 .vfp11_veneer  0x000000000011296c        0x0 linker stubs

.v4_bx          0x000000000011296c        0x0
 .v4_bx         0x000000000011296c        0x0 linker stubs

.iplt           0x000000000011296c        0x0
 .iplt          0x000000000011296c        0x0 c:/devkitpro/devkitarm/bin/../lib/gcc/arm-none-eabi/10.2.0/../../../../arm-none-eabi/lib/armv6k/fpu/3dsx_crt0.o
                0x0000000000113000                . = ALIGN (0x1000)

.rodata         0x0000000000113000     0x244c
 *(.rodata)
 .rodata        0x0000000000113000       0x10 main.o
 *(.roda)
 *(.rodata.*)
 .rodata._ZL14keystrtokeyvalPc.str1.4
                0x0000000000113010        0x2 Remapper.o
 *fill*         0x0000000000113012        0x2 
 .rodata._ZN8Remapper20GenerateFileLocationEv.str1.4
                0x0000000000113014       0x25 Remapper.o
 *fill*         0x0000000000113039        0x3 
 .rodata._ZN8Remapper14ReadConfigFileEv.str1.4
                0x000000000011303c       0x12 Remapper.o
 *fill*         0x000000000011304e        0x2 
 .rodata._ZN8Remapper15ParseConfigFileEv.str1.4
                0x0000000000113050        0xe Remapper.o
 *fill*         0x000000000011305e        0x2 
 .rodata._ZZL14keystrtokeyvalPcE4keys
                0x0000000000113060      0x120 Remapper.o
 .rodata._ZL16SamplingFunctionPv.str1.4
                0x0000000000113180       0x13 hid.o
 *fill*         0x0000000000113193        0x1 
 .rodata._ZZ10irpatch_cbmmmmP8RemapperPmE17irOrigCppFlagCode
                0x0000000000113194        0x8 hid.o
 .rodata._ZZ10irpatch_cbmmmmP8RemapperPmE18irOrigWaitSyncCode
                0x000000000011319c        0xc hid.o
 .rodata._ZZ10irpatch_cbmmmmP8RemapperPmE21irOrigWaitSyncCodeOld
                0x00000000001131a8        0x8 hid.o
 .rodata.str1.4
                0x00000000001131b0       0x20 main.o
                                         0x24 (size before relaxing)
 .rodata._Z10mcuHidInitv.str1.4
                0x00000000001131d0        0x9 mcuhid.o
 *fill*         0x00000000001131d9        0x3 
 .rodata.codecInit.str1.4
                0x00000000001131dc        0x8 codec.o
 .rodata.json_parse_ex.str1.4
                0x00000000001131e4      0x2a2 json.o
 *fill*         0x0000000000113486        0x2 
 .rodata.CSWTCH.80
                0x0000000000113488       0x26 json.o
 *fill*         0x00000000001134ae        0x2 
 .rodata.srvSysInit.str1.4
                0x00000000001134b0        0x5 services.o
 *fill*         0x00000000001134b5        0x3 
 .rodata.fsSysInit.str1.4
                0x00000000001134b8        0x8 services.o
 .rodata.ir_hook
                0x00000000001134c0       0xa0 ir_patch.o
                0x00000000001134c0                IRCodePatchFunc
 .rodata.cfguInit.str1.4
                0x0000000000113560       0x16 C:/devkitPro/libctru/lib\libctru.a(cfgu.o)
 .rodata.fsMakePath.str1.4
                0x0000000000113576        0x1 C:/devkitPro/libctru/lib\libctru.a(fs.o)
 *fill*         0x0000000000113576        0x2 
 .rodata.pmDbgInit.str1.4
                0x0000000000113578        0x7 C:/devkitPro/libctru/lib\libctru.a(pmdbg.o)
 *fill*         0x000000000011357f        0x1 
 .rodata.ptmSysmInit.str1.4
                0x0000000000113580        0x9 C:/devkitPro/libctru/lib\libctru.a(ptmsysm.o)
 *fill*         0x0000000000113589        0x7 
 .rodata.__exp_data
                0x0000000000113590      0x870 c:/devkitpro/devkitarm/bin/../lib/gcc/arm-none-eabi/10.2.0/../../../../arm-none-eabi/lib/armv6k/fpu\libm.a(lib_a-exp_data.o)
                0x0000000000113590                __exp_data
 .rodata.__pow_log_data
                0x0000000000113e00     0x1048 c:/devkitpro/devkitarm/bin/../lib/gcc/arm-none-eabi/10.2.0/../../../../arm-none-eabi/lib/armv6k/fpu\libm.a(lib_a-pow_log_data.o)
                0x0000000000113e00                __pow_log_data
 .rodata._ctype_
                0x0000000000114e48      0x101 c:/devkitpro/devkitarm/bin/../lib/gcc/arm-none-eabi/10.2.0/../../../../arm-none-eabi/lib/armv6k/fpu\libc.a(lib_a-ctype_.o)
                0x0000000000114e48                _ctype_
 *fill*         0x0000000000114f49        0x3 
 .rodata._global_impure_ptr
                0x0000000000114f4c        0x4 c:/devkitpro/devkitarm/bin/../lib/gcc/arm-none-eabi/10.2.0/../../../../arm-none-eabi/lib/armv6k/fpu\libc.a(lib_a-impure.o)
                0x0000000000114f4c                _global_impure_ptr
 .rodata._svfprintf_r.str1.1
                0x0000000000114f50       0x3b c:/devkitpro/devkitarm/bin/../lib/gcc/arm-none-eabi/10.2.0/../../../../arm-none-eabi/lib/armv6k/fpu\libc.a(lib_a-svfprintf.o)
 *fill*         0x0000000000114f8b        0x1 
 .rodata.blanks.1
                0x0000000000114f8c       0x10 c:/devkitpro/devkitarm/bin/../lib/gcc/arm-none-eabi/10.2.0/../../../../arm-none-eabi/lib/armv6k/fpu\libc.a(lib_a-svfprintf.o)
 .rodata.zeroes.0
                0x0000000000114f9c       0x10 c:/devkitpro/devkitarm/bin/../lib/gcc/arm-none-eabi/10.2.0/../../../../arm-none-eabi/lib/armv6k/fpu\libc.a(lib_a-svfprintf.o)
 .rodata._dtoa_r.str1.4
                0x0000000000114fac       0x67 c:/devkitpro/devkitarm/bin/../lib/gcc/arm-none-eabi/10.2.0/../../../../arm-none-eabi/lib/armv6k/fpu\libc.a(lib_a-dtoa.o)
 *fill*         0x0000000000115013        0x1 
 .rodata.str1.4
                0x0000000000115014       0x48 c:/devkitpro/devkitarm/bin/../lib/gcc/arm-none-eabi/10.2.0/../../../../arm-none-eabi/lib/armv6k/fpu\libc.a(lib_a-locale.o)
                                         0x4c (size before relaxing)
 .rodata.__multadd.str1.4
                0x000000000011505c       0x40 c:/devkitpro/devkitarm/bin/../lib/gcc/arm-none-eabi/10.2.0/../../../../arm-none-eabi/lib/armv6k/fpu\libc.a(lib_a-mprec.o)
                                         0x54 (size before relaxing)
 *fill*         0x000000000011509c        0x4 
 .rodata.__mprec_bigtens
                0x00000000001150a0       0x28 c:/devkitpro/devkitarm/bin/../lib/gcc/arm-none-eabi/10.2.0/../../../../arm-none-eabi/lib/armv6k/fpu\libc.a(lib_a-mprec.o)
                0x00000000001150a0                __mprec_bigtens
 .rodata.__mprec_tens
                0x00000000001150c8       0xc8 c:/devkitpro/devkitarm/bin/../lib/gcc/arm-none-eabi/10.2.0/../../../../arm-none-eabi/lib/armv6k/fpu\libc.a(lib_a-mprec.o)
                0x00000000001150c8                __mprec_tens
 .rodata.p05.0  0x0000000000115190        0xc c:/devkitpro/devkitarm/bin/../lib/gcc/arm-none-eabi/10.2.0/../../../../arm-none-eabi/lib/armv6k/fpu\libc.a(lib_a-mprec.o)
 .rodata.__action_table
                0x000000000011519c       0x6c c:/devkitpro/devkitarm/bin/../lib/gcc/arm-none-eabi/10.2.0/../../../../arm-none-eabi/lib/armv6k/fpu\libc.a(lib_a-svfiprintf.o)
                0x000000000011519c                __action_table
 .rodata.__chclass
                0x0000000000115208      0x100 c:/devkitpro/devkitarm/bin/../lib/gcc/arm-none-eabi/10.2.0/../../../../arm-none-eabi/lib/armv6k/fpu\libc.a(lib_a-svfiprintf.o)
                0x0000000000115208                __chclass
 .rodata.__state_table
                0x0000000000115308       0x6c c:/devkitpro/devkitarm/bin/../lib/gcc/arm-none-eabi/10.2.0/../../../../arm-none-eabi/lib/armv6k/fpu\libc.a(lib_a-svfiprintf.o)
                0x0000000000115308                __state_table
 .rodata.__assert_func.str1.4
                0x0000000000115374       0x3f c:/devkitpro/devkitarm/bin/../lib/gcc/arm-none-eabi/10.2.0/../../../../arm-none-eabi/lib/armv6k/fpu\libc.a(lib_a-assert.o)
                                         0x43 (size before relaxing)
 .rodata._vfiprintf_r.str1.1
                0x00000000001153b3       0x29 c:/devkitpro/devkitarm/bin/../lib/gcc/arm-none-eabi/10.2.0/../../../../arm-none-eabi/lib/armv6k/fpu\libc.a(lib_a-vfiprintf.o)
 *fill*         0x00000000001153b3        0x1 
 .rodata.blanks.1
                0x00000000001153b4       0x10 c:/devkitpro/devkitarm/bin/../lib/gcc/arm-none-eabi/10.2.0/../../../../arm-none-eabi/lib/armv6k/fpu\libc.a(lib_a-vfiprintf.o)
 .rodata.zeroes.0
                0x00000000001153c4       0x10 c:/devkitpro/devkitarm/bin/../lib/gcc/arm-none-eabi/10.2.0/../../../../arm-none-eabi/lib/armv6k/fpu\libc.a(lib_a-vfiprintf.o)
 .rodata.AddDevice.str1.4
                0x00000000001153d4        0x8 c:/devkitpro/devkitarm/bin/../lib/gcc/arm-none-eabi/10.2.0/../../../../arm-none-eabi/lib/armv6k/fpu\libsysbase.a(iosupport.o)
 .rodata.dotab_stdnull
                0x00000000001153dc       0x70 c:/devkitpro/devkitarm/bin/../lib/gcc/arm-none-eabi/10.2.0/../../../../arm-none-eabi/lib/armv6k/fpu\libsysbase.a(iosupport.o)
                0x00000000001153dc                dotab_stdnull
 *all.rodata*(*)
 *(.gnu.linkonce.r*)
                0x000000000011544c                . = ALIGN (0x4)

.eh_frame       0x000000000011544c        0x0
 .eh_frame      0x000000000011544c        0x0 c:/devkitpro/devkitarm/bin/../lib/gcc/arm-none-eabi/10.2.0/armv6k/fpu/crtbegin.o

.rel.dyn        0x000000000011544c        0x0
 .rel.iplt      0x000000000011544c        0x0 c:/devkitpro/devkitarm/bin/../lib/gcc/arm-none-eabi/10.2.0/../../../../arm-none-eabi/lib/armv6k/fpu/3dsx_crt0.o

.ARM.extab
 *(.ARM.extab* .gnu.linkonce.armextab.*)
                0x000000000011544c                __exidx_start = .

ARM.exidx
 *(.ARM.exidx* .gnu.linkonce.armexidx.*)
                0x000000000011544c                __exidx_end = .
                0x0000000000116000                . = ALIGN (0x1000)

.data           0x0000000000116000     0x1b08
 *(.data)
 *(.data.*)
 .data._ZZ10irpatch_cbmmmmP8RemapperPmE12syncHookCode
                0x0000000000116000       0x14 hid.o
 .data._ZZ10irpatch_cbmmmmP8RemapperPmE17irOrigReadingCode
                0x0000000000116014       0x14 hid.o
 .data._ZZ10irpatch_cbmmmmP8RemapperPmE6irHook
                0x0000000000116028       0x14 hid.o
 .data.__fdlib_version
                0x000000000011603c        0x1 c:/devkitpro/devkitarm/bin/../lib/gcc/arm-none-eabi/10.2.0/../../../../arm-none-eabi/lib/armv6k/fpu\libm.a(lib_a-s_lib_ver.o)
                0x000000000011603c                __fdlib_version
 *fill*         0x000000000011603d        0x3 
 .data._impure_ptr
                0x0000000000116040        0x4 c:/devkitpro/devkitarm/bin/../lib/gcc/arm-none-eabi/10.2.0/../../../../arm-none-eabi/lib/armv6k/fpu\libc.a(lib_a-impure.o)
                0x0000000000116040                _impure_ptr
 *fill*         0x0000000000116044        0x4 
 .data.impure_data
                0x0000000000116048      0x460 c:/devkitpro/devkitarm/bin/../lib/gcc/arm-none-eabi/10.2.0/../../../../arm-none-eabi/lib/armv6k/fpu\libc.a(lib_a-impure.o)
 .data.__malloc_av_
                0x00000000001164a8      0x408 c:/devkitpro/devkitarm/bin/../lib/gcc/arm-none-eabi/10.2.0/../../../../arm-none-eabi/lib/armv6k/fpu\libc.a(lib_a-mallocr.o)
                0x00000000001164a8                __malloc_av_
 .data.__malloc_sbrk_base
                0x00000000001168b0        0x4 c:/devkitpro/devkitarm/bin/../lib/gcc/arm-none-eabi/10.2.0/../../../../arm-none-eabi/lib/armv6k/fpu\libc.a(lib_a-mallocr.o)
                0x00000000001168b0                __malloc_sbrk_base
 .data.__malloc_trim_threshold
                0x00000000001168b4        0x4 c:/devkitpro/devkitarm/bin/../lib/gcc/arm-none-eabi/10.2.0/../../../../arm-none-eabi/lib/armv6k/fpu\libc.a(lib_a-mallocr.o)
                0x00000000001168b4                __malloc_trim_threshold
 .data.__malloc_recursive_mutex
                0x00000000001168b8        0xc c:/devkitpro/devkitarm/bin/../lib/gcc/arm-none-eabi/10.2.0/../../../../arm-none-eabi/lib/armv6k/fpu\libc.a(lib_a-mlock.o)
 .data.__atexit_recursive_mutex
                0x00000000001168c4        0xc c:/devkitpro/devkitarm/bin/../lib/gcc/arm-none-eabi/10.2.0/../../../../arm-none-eabi/lib/armv6k/fpu\libc.a(lib_a-__call_atexit.o)
                0x00000000001168c4                __atexit_recursive_mutex
 .data.__global_locale
                0x00000000001168d0      0x16c c:/devkitpro/devkitarm/bin/../lib/gcc/arm-none-eabi/10.2.0/../../../../arm-none-eabi/lib/armv6k/fpu\libc.a(lib_a-locale.o)
                0x00000000001168d0                __global_locale
 .data.__sfp_recursive_mutex
                0x0000000000116a3c        0xc c:/devkitpro/devkitarm/bin/../lib/gcc/arm-none-eabi/10.2.0/../../../../arm-none-eabi/lib/armv6k/fpu\libc.a(lib_a-findfp.o)
 .data.__sinit_recursive_mutex
                0x0000000000116a48        0xc c:/devkitpro/devkitarm/bin/../lib/gcc/arm-none-eabi/10.2.0/../../../../arm-none-eabi/lib/armv6k/fpu\libc.a(lib_a-findfp.o)
 .data.__hndl_lock
                0x0000000000116a54        0x4 c:/devkitpro/devkitarm/bin/../lib/gcc/arm-none-eabi/10.2.0/../../../../arm-none-eabi/lib/armv6k/fpu\libsysbase.a(handle_manager.o)
 .data.__stderr_handle
                0x0000000000116a58        0xc c:/devkitpro/devkitarm/bin/../lib/gcc/arm-none-eabi/10.2.0/../../../../arm-none-eabi/lib/armv6k/fpu\libsysbase.a(handle_manager.o)
 .data.__stdin_handle
                0x0000000000116a64        0xc c:/devkitpro/devkitarm/bin/../lib/gcc/arm-none-eabi/10.2.0/../../../../arm-none-eabi/lib/armv6k/fpu\libsysbase.a(handle_manager.o)
 .data.__stdout_handle
                0x0000000000116a70        0xc c:/devkitpro/devkitarm/bin/../lib/gcc/arm-none-eabi/10.2.0/../../../../arm-none-eabi/lib/armv6k/fpu\libsysbase.a(handle_manager.o)
 .data.handles  0x0000000000116a7c     0x1000 c:/devkitpro/devkitarm/bin/../lib/gcc/arm-none-eabi/10.2.0/../../../../arm-none-eabi/lib/armv6k/fpu\libsysbase.a(handle_manager.o)
 .data.devoptab_list
                0x0000000000117a7c       0x8c c:/devkitpro/devkitarm/bin/../lib/gcc/arm-none-eabi/10.2.0/../../../../arm-none-eabi/lib/armv6k/fpu\libsysbase.a(iosupport.o)
                0x0000000000117a7c                devoptab_list
 *(.gnu.linkonce.d*)
                0x0000000000117b08                . = ALIGN (0x4)

.igot.plt       0x0000000000117b08        0x0
 .igot.plt      0x0000000000117b08        0x0 c:/devkitpro/devkitarm/bin/../lib/gcc/arm-none-eabi/10.2.0/../../../../arm-none-eabi/lib/armv6k/fpu/3dsx_crt0.o

.tdata          0x0000000000117b08        0x0
                0x0000000000117b08                __tdata_lma = .
 *(.tdata)
 *(.tdata.*)
 *(.gnu.linkonce.td.*)
                0x0000000000117b08                . = ALIGN (0x4)
                0x0000000000117b08                __tdata_lma_end = .

.tbss           0x0000000000117b08        0x0
 *(.tbss)
 *(.tbss.*)
 *(.gnu.linkonce.tb.*)
 *(.tcommon)
                0x0000000000117b08                . = ALIGN (0x4)

.preinit_array  0x0000000000117b08        0x0
                0x0000000000117b08                PROVIDE (__preinit_array_start = .)
 *(.preinit_array)
                0x0000000000117b08                PROVIDE (__preinit_array_end = .)

.init_array     0x0000000000117b08        0x4
                0x0000000000117b08                PROVIDE (__init_array_start = .)
 *(SORT_BY_NAME(.init_array.*))
 *(.init_array)
 .init_array    0x0000000000117b08        0x4 c:/devkitpro/devkitarm/bin/../lib/gcc/arm-none-eabi/10.2.0/armv6k/fpu/crtbegin.o
                0x0000000000117b0c                PROVIDE (__init_array_end = .)

.fini_array     0x0000000000117b0c        0x4
                0x0000000000117b0c                PROVIDE (__fini_array_start = .)
 *(.fini_array)
 .fini_array    0x0000000000117b0c        0x4 c:/devkitpro/devkitarm/bin/../lib/gcc/arm-none-eabi/10.2.0/armv6k/fpu/crtbegin.o
 *(SORT_BY_NAME(.fini_array.*))
                0x0000000000117b10                PROVIDE (__fini_array_end = .)

.ctors
 *crtbegin.o(.ctors)
 *(EXCLUDE_FILE(*crtend.o) .ctors)
 *(SORT_BY_NAME(.ctors.*))
 *(.ctors)

.dtors
 *crtbegin.o(.dtors)
 *(EXCLUDE_FILE(*crtend.o) .dtors)
 *(SORT_BY_NAME(.dtors.*))
 *(.dtors)
                0x0000000000117b10                __bss_start__ = .

.bss            0x0000000000117b10     0x1118
 *(.dynbss)
 *(.bss)
 *(.bss.*)
 .bss.completed.1
                0x0000000000117b10        0x1 c:/devkitpro/devkitarm/bin/../lib/gcc/arm-none-eabi/10.2.0/armv6k/fpu/crtbegin.o
 *fill*         0x0000000000117b11        0x3 
 .bss.object.0  0x0000000000117b14       0x18 c:/devkitpro/devkitarm/bin/../lib/gcc/arm-none-eabi/10.2.0/armv6k/fpu/crtbegin.o
 .bss._ZZN3Pad8SamplingEmP8RemapperE9sliderval
                0x0000000000117b2c        0x4 Pad.o
 .bss._ZL14hidthreadstack
                0x0000000000117b30     0x1000 hid.o
 .bss._ZZ10irpatch_cbmmmmP8RemapperPmE10cppFlagLoc
                0x0000000000118b30        0x4 hid.o
 .bss._ZZ10irpatch_cbmmmmP8RemapperPmE7hookLoc
                0x0000000000118b34        0x4 hid.o
 .bss._ZZ10irpatch_cbmmmmP8RemapperPmE7syncLoc
                0x0000000000118b38        0x4 hid.o
 .bss.mcuHidHandle
                0x0000000000118b3c        0x4 mcuhid.o
                0x0000000000118b3c                mcuHidHandle
 .bss._ZZN6Slider9NormalizeEvE2v1
                0x0000000000118b40        0x4 slider.o
 .bss._ZZN6Slider9NormalizeEvE5fval1
                0x0000000000118b44        0x4 slider.o
 .bss.cdchandle
                0x0000000000118b48        0x4 codec.o
                0x0000000000118b48                cdchandle
 .bss.initLock  0x0000000000118b4c        0xc services.o
 .bss.srvHandlePtr
                0x0000000000118b58        0x4 services.o
 .bss.srvRefCount
                0x0000000000118b5c        0x4 services.o
 .bss.arbiter   0x0000000000118b60        0x4 C:/devkitPro/libctru/lib\libctru.a(synchronization.o)
 .bss.srvHandle
                0x0000000000118b64        0x4 C:/devkitPro/libctru/lib\libctru.a(srv.o)
 .bss.currentAddr
                0x0000000000118b68        0x4 C:/devkitPro/libctru/lib\libctru.a(mappable.o)
 .bss.maxAddr   0x0000000000118b6c        0x4 C:/devkitPro/libctru/lib\libctru.a(mappable.o)
 .bss.minAddr   0x0000000000118b70        0x4 C:/devkitPro/libctru/lib\libctru.a(mappable.o)
 .bss.cfguHandle
                0x0000000000118b74        0x4 C:/devkitPro/libctru/lib\libctru.a(cfgu.o)
 .bss.cfguRefCount
                0x0000000000118b78        0x4 C:/devkitPro/libctru/lib\libctru.a(cfgu.o)
 .bss.fsuHandle
                0x0000000000118b7c        0x4 C:/devkitPro/libctru/lib\libctru.a(fs.o)
 .bss.pmDbgHandle
                0x0000000000118b80        0x4 C:/devkitPro/libctru/lib\libctru.a(pmdbg.o)
 .bss.pmDbgRefcount
                0x0000000000118b84        0x4 C:/devkitPro/libctru/lib\libctru.a(pmdbg.o)
 .bss.ptmSysmHandle
                0x0000000000118b88        0x4 C:/devkitPro/libctru/lib\libctru.a(ptmsysm.o)
 .bss.ptmSysmRefCount
                0x0000000000118b8c        0x4 C:/devkitPro/libctru/lib\libctru.a(ptmsysm.o)
 .bss.__ctru_heap
                0x0000000000118b90        0x4 C:/devkitPro/libctru/lib\libctru.a(allocateHeaps.o)
                0x0000000000118b90                __ctru_heap
 .bss.__ctru_heap_size
                0x0000000000118b94        0x4 C:/devkitPro/libctru/lib\libctru.a(allocateHeaps.o)
                0x0000000000118b94                __ctru_heap_size
 .bss.__system_argc
                0x0000000000118b98        0x4 C:/devkitPro/libctru/lib\libctru.a(initArgv.o)
                0x0000000000118b98                __system_argc
 .bss.__system_argv
                0x0000000000118b9c        0x4 C:/devkitPro/libctru/lib\libctru.a(initArgv.o)
                0x0000000000118b9c                __system_argv
 .bss.__malloc_current_mallinfo
                0x0000000000118ba0       0x28 c:/devkitpro/devkitarm/bin/../lib/gcc/arm-none-eabi/10.2.0/../../../../arm-none-eabi/lib/armv6k/fpu\libc.a(lib_a-mallocr.o)
                0x0000000000118ba0                __malloc_current_mallinfo
 .bss.__malloc_max_sbrked_mem
                0x0000000000118bc8        0x4 c:/devkitpro/devkitarm/bin/../lib/gcc/arm-none-eabi/10.2.0/../../../../arm-none-eabi/lib/armv6k/fpu\libc.a(lib_a-mallocr.o)
                0x0000000000118bc8                __malloc_max_sbrked_mem
 .bss.__malloc_max_total_mem
                0x0000000000118bcc        0x4 c:/devkitpro/devkitarm/bin/../lib/gcc/arm-none-eabi/10.2.0/../../../../arm-none-eabi/lib/armv6k/fpu\libc.a(lib_a-mallocr.o)
                0x0000000000118bcc                __malloc_max_total_mem
 .bss.__malloc_top_pad
                0x0000000000118bd0        0x4 c:/devkitpro/devkitarm/bin/../lib/gcc/arm-none-eabi/10.2.0/../../../../arm-none-eabi/lib/armv6k/fpu\libc.a(lib_a-mallocr.o)
                0x0000000000118bd0                __malloc_top_pad
 .bss.heap_start.0
                0x0000000000118bd4        0x4 c:/devkitpro/devkitarm/bin/../lib/gcc/arm-none-eabi/10.2.0/../../../../arm-none-eabi/lib/armv6k/fpu\libsysbase.a(sbrk.o)
 .bss.fake_heap_end
                0x0000000000118bd8        0x4 c:/devkitpro/devkitarm/bin/../lib/gcc/arm-none-eabi/10.2.0/../../../../arm-none-eabi/lib/armv6k/fpu\libsysbase.a(malloc_vars.o)
                0x0000000000118bd8                fake_heap_end
 .bss.fake_heap_start
                0x0000000000118bdc        0x4 c:/devkitpro/devkitarm/bin/../lib/gcc/arm-none-eabi/10.2.0/../../../../arm-none-eabi/lib/armv6k/fpu\libsysbase.a(malloc_vars.o)
                0x0000000000118bdc                fake_heap_start
 .bss.__syscalls
                0x0000000000118be0       0x48 c:/devkitpro/devkitarm/bin/../lib/gcc/arm-none-eabi/10.2.0/../../../../arm-none-eabi/lib/armv6k/fpu\libsysbase.a(syscall_support.o)
                0x0000000000118be0                __syscalls
 *(.gnu.linkonce.b*)
 *(COMMON)
                0x0000000000118c28                . = ALIGN (0x4)
                0x0000000000118c28                __tls_start = .
                0x0000000000118c28                . = (. + (SIZEOF (.tdata) + SIZEOF (.tbss)))
                0x0000000000118c28                __tls_end = .
                0x0000000000118c28                __bss_end__ = .
                0x0000000000118c28                __end__ = ABSOLUTE (.)

/DISCARD/
 *(.group .comment .note)

.stab
 *(.stab)

.stabstr
 *(.stabstr)

.stab.excl
 *(.stab.excl)

.stab.exclstr
 *(.stab.exclstr)

.stab.index
 *(.stab.index)

.stab.indexstr
 *(.stab.indexstr)

.debug
 *(.debug)

.line
 *(.line)

.debug_srcinfo
 *(.debug_srcinfo)

.debug_sfnames
 *(.debug_sfnames)

.debug_aranges  0x0000000000000000      0xb98
 *(.debug_aranges)
 .debug_aranges
                0x0000000000000000       0xf0 C:/devkitPro/libctru/lib\libctru.a(synchronization.o)
 .debug_aranges
                0x00000000000000f0       0xc0 C:/devkitPro/libctru/lib\libctru.a(srv.o)
 .debug_aranges
                0x00000000000001b0       0x38 C:/devkitPro/libctru/lib\libctru.a(mappable.o)
 .debug_aranges
                0x00000000000001e8      0x100 C:/devkitPro/libctru/lib\libctru.a(cfgu.o)
 .debug_aranges
                0x00000000000002e8      0x3b0 C:/devkitPro/libctru/lib\libctru.a(fs.o)
 .debug_aranges
                0x0000000000000698       0x48 C:/devkitPro/libctru/lib\libctru.a(pmdbg.o)
 .debug_aranges
                0x00000000000006e0       0x90 C:/devkitPro/libctru/lib\libctru.a(ptmsysm.o)
 .debug_aranges
                0x0000000000000770       0x30 C:/devkitPro/libctru/lib\libctru.a(syscalls.o)
 .debug_aranges
                0x00000000000007a0       0x20 C:/devkitPro/libctru/lib\libctru.a(allocateHeaps.o)
 .debug_aranges
                0x00000000000007c0       0x20 C:/devkitPro/libctru/lib\libctru.a(initArgv.o)
 .debug_aranges
                0x00000000000007e0      0x330 C:/devkitPro/libctru/lib\libctru.a(svc.o)
 .debug_aranges
                0x0000000000000b10       0x28 C:/devkitPro/libctru/lib\libctru.a(env.o)
 .debug_aranges
                0x0000000000000b38       0x60 C:/devkitPro/libctru/lib\libctru.a(os.o)

.debug_pubnames
 *(.debug_pubnames)

.debug_info     0x0000000000000000    0x12c8e
 *(.debug_info)
 .debug_info    0x0000000000000000     0x2918 C:/devkitPro/libctru/lib\libctru.a(synchronization.o)
 .debug_info    0x0000000000002918     0x1c92 C:/devkitPro/libctru/lib\libctru.a(srv.o)
 .debug_info    0x00000000000045aa      0x342 C:/devkitPro/libctru/lib\libctru.a(mappable.o)
 .debug_info    0x00000000000048ec     0x158b C:/devkitPro/libctru/lib\libctru.a(cfgu.o)
 .debug_info    0x0000000000005e77     0x9519 C:/devkitPro/libctru/lib\libctru.a(fs.o)
 .debug_info    0x000000000000f390      0x52f C:/devkitPro/libctru/lib\libctru.a(pmdbg.o)
 .debug_info    0x000000000000f8bf      0xac3 C:/devkitPro/libctru/lib\libctru.a(ptmsysm.o)
 .debug_info    0x0000000000010382      0xf47 C:/devkitPro/libctru/lib\libctru.a(syscalls.o)
 .debug_info    0x00000000000112c9      0x498 C:/devkitPro/libctru/lib\libctru.a(allocateHeaps.o)
 .debug_info    0x0000000000011761      0x1b7 C:/devkitPro/libctru/lib\libctru.a(initArgv.o)
 .debug_info    0x0000000000011918       0x22 C:/devkitPro/libctru/lib\libctru.a(svc.o)
 .debug_info    0x000000000001193a      0x287 C:/devkitPro/libctru/lib\libctru.a(env.o)
 .debug_info    0x0000000000011bc1     0x10cd C:/devkitPro/libctru/lib\libctru.a(os.o)

.debug_abbrev   0x0000000000000000     0x23a1
 *(.debug_abbrev)
 .debug_abbrev  0x0000000000000000      0x4cc C:/devkitPro/libctru/lib\libctru.a(synchronization.o)
 .debug_abbrev  0x00000000000004cc      0x4d5 C:/devkitPro/libctru/lib\libctru.a(srv.o)
 .debug_abbrev  0x00000000000009a1      0x1a4 C:/devkitPro/libctru/lib\libctru.a(mappable.o)
 .debug_abbrev  0x0000000000000b45      0x2d2 C:/devkitPro/libctru/lib\libctru.a(cfgu.o)
 .debug_abbrev  0x0000000000000e17      0x5d0 C:/devkitPro/libctru/lib\libctru.a(fs.o)
 .debug_abbrev  0x00000000000013e7      0x255 C:/devkitPro/libctru/lib\libctru.a(pmdbg.o)
 .debug_abbrev  0x000000000000163c      0x218 C:/devkitPro/libctru/lib\libctru.a(ptmsysm.o)
 .debug_abbrev  0x0000000000001854      0x35a C:/devkitPro/libctru/lib\libctru.a(syscalls.o)
 .debug_abbrev  0x0000000000001bae      0x162 C:/devkitPro/libctru/lib\libctru.a(allocateHeaps.o)
 .debug_abbrev  0x0000000000001d10      0x128 C:/devkitPro/libctru/lib\libctru.a(initArgv.o)
 .debug_abbrev  0x0000000000001e38       0x12 C:/devkitPro/libctru/lib\libctru.a(svc.o)
 .debug_abbrev  0x0000000000001e4a      0x1b1 C:/devkitPro/libctru/lib\libctru.a(env.o)
 .debug_abbrev  0x0000000000001ffb      0x3a6 C:/devkitPro/libctru/lib\libctru.a(os.o)

.debug_line     0x0000000000000000     0xc523
 *(.debug_line)
 .debug_line    0x0000000000000000     0x157f C:/devkitPro/libctru/lib\libctru.a(synchronization.o)
 .debug_line    0x000000000000157f      0xe0d C:/devkitPro/libctru/lib\libctru.a(srv.o)
 .debug_line    0x000000000000238c      0x2eb C:/devkitPro/libctru/lib\libctru.a(mappable.o)
 .debug_line    0x0000000000002677     0x1107 C:/devkitPro/libctru/lib\libctru.a(cfgu.o)
 .debug_line    0x000000000000377e     0x65fb C:/devkitPro/libctru/lib\libctru.a(fs.o)
 .debug_line    0x0000000000009d79      0x415 C:/devkitPro/libctru/lib\libctru.a(pmdbg.o)
 .debug_line    0x000000000000a18e      0x8b1 C:/devkitPro/libctru/lib\libctru.a(ptmsysm.o)
 .debug_line    0x000000000000aa3f      0x472 C:/devkitPro/libctru/lib\libctru.a(syscalls.o)
 .debug_line    0x000000000000aeb1      0x35f C:/devkitPro/libctru/lib\libctru.a(allocateHeaps.o)
 .debug_line    0x000000000000b210      0x301 C:/devkitPro/libctru/lib\libctru.a(initArgv.o)
 .debug_line    0x000000000000b511      0x7d3 C:/devkitPro/libctru/lib\libctru.a(svc.o)
 .debug_line    0x000000000000bce4      0x26b C:/devkitPro/libctru/lib\libctru.a(env.o)
 .debug_line    0x000000000000bf4f      0x5d4 C:/devkitPro/libctru/lib\libctru.a(os.o)

.debug_frame    0x0000000000000000     0x1fa8
 *(.debug_frame)
 .debug_frame   0x0000000000000000      0x2c8 C:/devkitPro/libctru/lib\libctru.a(synchronization.o)
 .debug_frame   0x00000000000002c8      0x254 C:/devkitPro/libctru/lib\libctru.a(srv.o)
 .debug_frame   0x000000000000051c       0x70 C:/devkitPro/libctru/lib\libctru.a(mappable.o)
 .debug_frame   0x000000000000058c      0x2e4 C:/devkitPro/libctru/lib\libctru.a(cfgu.o)
 .debug_frame   0x0000000000000870      0xce8 C:/devkitPro/libctru/lib\libctru.a(fs.o)
 .debug_frame   0x0000000000001558       0x98 C:/devkitPro/libctru/lib\libctru.a(pmdbg.o)
 .debug_frame   0x00000000000015f0      0x180 C:/devkitPro/libctru/lib\libctru.a(ptmsysm.o)
 .debug_frame   0x0000000000001770       0x5c C:/devkitPro/libctru/lib\libctru.a(syscalls.o)
 .debug_frame   0x00000000000017cc       0x38 C:/devkitPro/libctru/lib\libctru.a(allocateHeaps.o)
 .debug_frame   0x0000000000001804       0x2c C:/devkitPro/libctru/lib\libctru.a(initArgv.o)
 .debug_frame   0x0000000000001830      0x640 C:/devkitPro/libctru/lib\libctru.a(svc.o)
 .debug_frame   0x0000000000001e70       0x4c C:/devkitPro/libctru/lib\libctru.a(env.o)
 .debug_frame   0x0000000000001ebc       0xec C:/devkitPro/libctru/lib\libctru.a(os.o)

.debug_str      0x0000000000000000     0x3bc5
 *(.debug_str)
 .debug_str     0x0000000000000000      0x8f1 C:/devkitPro/libctru/lib\libctru.a(synchronization.o)
                                        0x983 (size before relaxing)
 .debug_str     0x00000000000008f1      0x8a4 C:/devkitPro/libctru/lib\libctru.a(srv.o)
                                        0xb5a (size before relaxing)
 .debug_str     0x0000000000001195      0x1da C:/devkitPro/libctru/lib\libctru.a(mappable.o)
                                        0x3a9 (size before relaxing)
 .debug_str     0x000000000000136f      0x3dd C:/devkitPro/libctru/lib\libctru.a(cfgu.o)
                                        0x6aa (size before relaxing)
 .debug_str     0x000000000000174c     0x156b C:/devkitPro/libctru/lib\libctru.a(fs.o)
                                       0x1d57 (size before relaxing)
 .debug_str     0x0000000000002cb7      0x10a C:/devkitPro/libctru/lib\libctru.a(pmdbg.o)
                                        0x423 (size before relaxing)
 .debug_str     0x0000000000002dc1      0x275 C:/devkitPro/libctru/lib\libctru.a(ptmsysm.o)
                                        0x554 (size before relaxing)
 .debug_str     0x0000000000003036      0x2e5 C:/devkitPro/libctru/lib\libctru.a(syscalls.o)
                                        0x986 (size before relaxing)
 .debug_str     0x000000000000331b      0x37d C:/devkitPro/libctru/lib\libctru.a(allocateHeaps.o)
                                        0x5d8 (size before relaxing)
 .debug_str     0x0000000000003698       0xd2 C:/devkitPro/libctru/lib\libctru.a(initArgv.o)
                                        0x2b0 (size before relaxing)
 .debug_str     0x000000000000376a       0x6a C:/devkitPro/libctru/lib\libctru.a(svc.o)
                                         0xc3 (size before relaxing)
 .debug_str     0x00000000000037d4       0xae C:/devkitPro/libctru/lib\libctru.a(env.o)
                                        0x28b (size before relaxing)
 .debug_str     0x0000000000003882      0x343 C:/devkitPro/libctru/lib\libctru.a(os.o)
                                        0xa06 (size before relaxing)

.debug_loc      0x0000000000000000     0xb60f
 *(.debug_loc)
 .debug_loc     0x0000000000000000     0x2290 C:/devkitPro/libctru/lib\libctru.a(synchronization.o)
 .debug_loc     0x0000000000002290      0xa65 C:/devkitPro/libctru/lib\libctru.a(srv.o)
 .debug_loc     0x0000000000002cf5      0x138 C:/devkitPro/libctru/lib\libctru.a(mappable.o)
 .debug_loc     0x0000000000002e2d      0xf37 C:/devkitPro/libctru/lib\libctru.a(cfgu.o)
 .debug_loc     0x0000000000003d64     0x6ac3 C:/devkitPro/libctru/lib\libctru.a(fs.o)
 .debug_loc     0x000000000000a827      0x1ea C:/devkitPro/libctru/lib\libctru.a(pmdbg.o)
 .debug_loc     0x000000000000aa11      0x4e1 C:/devkitPro/libctru/lib\libctru.a(ptmsysm.o)
 .debug_loc     0x000000000000aef2       0x9e C:/devkitPro/libctru/lib\libctru.a(syscalls.o)
 .debug_loc     0x000000000000af90       0x78 C:/devkitPro/libctru/lib\libctru.a(allocateHeaps.o)
 .debug_loc     0x000000000000b008       0xf8 C:/devkitPro/libctru/lib\libctru.a(initArgv.o)
 .debug_loc     0x000000000000b100      0x15c C:/devkitPro/libctru/lib\libctru.a(env.o)
 .debug_loc     0x000000000000b25c      0x3b3 C:/devkitPro/libctru/lib\libctru.a(os.o)

.debug_macinfo
 *(.debug_macinfo)
LOAD c:/devkitpro/devkitarm/bin/../lib/gcc/arm-none-eabi/10.2.0/../../../../arm-none-eabi/lib/armv6k/fpu/3dsx_crt0.o
LOAD c:/devkitpro/devkitarm/bin/../lib/gcc/arm-none-eabi/10.2.0/armv6k/fpu/crti.o
LOAD c:/devkitpro/devkitarm/bin/../lib/gcc/arm-none-eabi/10.2.0/armv6k/fpu/crtbegin.o
LOAD CirclePad.o
LOAD Pad.o
LOAD PadRing.o
LOAD Remapper.o
LOAD Touch.o
LOAD TouchRing.o
LOAD exclusive_rw.o
LOAD hid.o
LOAD ipc.o
LOAD main.o
LOAD mcuhid.o
LOAD slider.o
LOAD codec.o
LOAD json.o
LOAD mythread.o
LOAD printf.o
LOAD services.o
LOAD csvc.o
LOAD ir_patch.o
LOAD C:/devkitPro/libctru/lib\libctru.a
LOAD c:/devkitpro/devkitarm/bin/../lib/gcc/arm-none-eabi/10.2.0/../../../../arm-none-eabi/lib/armv6k/fpu\libstdc++.a
LOAD c:/devkitpro/devkitarm/bin/../lib/gcc/arm-none-eabi/10.2.0/../../../../arm-none-eabi/lib/armv6k/fpu\libm.a
START GROUP
LOAD c:/devkitpro/devkitarm/bin/../lib/gcc/arm-none-eabi/10.2.0/armv6k/fpu\libgcc.a
LOAD c:/devkitpro/devkitarm/bin/../lib/gcc/arm-none-eabi/10.2.0/../../../../arm-none-eabi/lib/armv6k/fpu\libc.a
LOAD c:/devkitpro/devkitarm/bin/../lib/gcc/arm-none-eabi/10.2.0/../../../../arm-none-eabi/lib/armv6k/fpu\libsysbase.a
END GROUP
LOAD c:/devkitpro/devkitarm/bin/../lib/gcc/arm-none-eabi/10.2.0/armv6k/fpu/crtend.o
LOAD c:/devkitpro/devkitarm/bin/../lib/gcc/arm-none-eabi/10.2.0/armv6k/fpu/crtn.o
OUTPUT(C:/Users/Kartik/Desktop/pro_kartik/hid/hid.elf elf32-littlearm)
LOAD linker stubs

.ARM.attributes
                0x0000000000000000       0x30
 .ARM.attributes
                0x0000000000000000       0x1e c:/devkitpro/devkitarm/bin/../lib/gcc/arm-none-eabi/10.2.0/../../../../arm-none-eabi/lib/armv6k/fpu/3dsx_crt0.o
 .ARM.attributes
                0x000000000000001e       0x1c c:/devkitpro/devkitarm/bin/../lib/gcc/arm-none-eabi/10.2.0/armv6k/fpu/crti.o
 .ARM.attributes
                0x000000000000003a       0x30 c:/devkitpro/devkitarm/bin/../lib/gcc/arm-none-eabi/10.2.0/armv6k/fpu/crtbegin.o
 .ARM.attributes
                0x000000000000006a       0x30 CirclePad.o
 .ARM.attributes
                0x000000000000009a       0x30 Pad.o
 .ARM.attributes
                0x00000000000000ca       0x30 PadRing.o
 .ARM.attributes
                0x00000000000000fa       0x30 Remapper.o
 .ARM.attributes
                0x000000000000012a       0x30 Touch.o
 .ARM.attributes
                0x000000000000015a       0x30 TouchRing.o
 .ARM.attributes
                0x000000000000018a       0x30 hid.o
 .ARM.attributes
                0x00000000000001ba       0x30 ipc.o
 .ARM.attributes
                0x00000000000001ea       0x30 main.o
 .ARM.attributes
                0x000000000000021a       0x30 mcuhid.o
 .ARM.attributes
                0x000000000000024a       0x30 slider.o
 .ARM.attributes
                0x000000000000027a       0x30 codec.o
 .ARM.attributes
                0x00000000000002aa       0x30 json.o
 .ARM.attributes
                0x00000000000002da       0x30 mythread.o
 .ARM.attributes
                0x000000000000030a       0x30 services.o
 .ARM.attributes
                0x000000000000033a       0x1a csvc.o
 .ARM.attributes
                0x0000000000000354       0x1a ir_patch.o
 .ARM.attributes
                0x000000000000036e       0x30 C:/devkitPro/libctru/lib\libctru.a(synchronization.o)
 .ARM.attributes
                0x000000000000039e       0x30 C:/devkitPro/libctru/lib\libctru.a(srv.o)
 .ARM.attributes
                0x00000000000003ce       0x30 C:/devkitPro/libctru/lib\libctru.a(mappable.o)
 .ARM.attributes
                0x00000000000003fe       0x30 C:/devkitPro/libctru/lib\libctru.a(cfgu.o)
 .ARM.attributes
                0x000000000000042e       0x30 C:/devkitPro/libctru/lib\libctru.a(fs.o)
 .ARM.attributes
                0x000000000000045e       0x30 C:/devkitPro/libctru/lib\libctru.a(pmdbg.o)
 .ARM.attributes
                0x000000000000048e       0x30 C:/devkitPro/libctru/lib\libctru.a(ptmsysm.o)
 .ARM.attributes
                0x00000000000004be       0x30 C:/devkitPro/libctru/lib\libctru.a(syscalls.o)
 .ARM.attributes
                0x00000000000004ee       0x30 C:/devkitPro/libctru/lib\libctru.a(allocateHeaps.o)
 .ARM.attributes
                0x000000000000051e       0x30 C:/devkitPro/libctru/lib\libctru.a(initArgv.o)
 .ARM.attributes
                0x000000000000054e       0x1a C:/devkitPro/libctru/lib\libctru.a(svc.o)
 .ARM.attributes
                0x0000000000000568       0x30 C:/devkitPro/libctru/lib\libctru.a(env.o)
 .ARM.attributes
                0x0000000000000598       0x30 C:/devkitPro/libctru/lib\libctru.a(os.o)
 .ARM.attributes
                0x00000000000005c8       0x30 c:/devkitpro/devkitarm/bin/../lib/gcc/arm-none-eabi/10.2.0/../../../../arm-none-eabi/lib/armv6k/fpu\libm.a(lib_a-pow.o)
 .ARM.attributes
                0x00000000000005f8       0x30 c:/devkitpro/devkitarm/bin/../lib/gcc/arm-none-eabi/10.2.0/../../../../arm-none-eabi/lib/armv6k/fpu\libm.a(lib_a-s_floor.o)
 .ARM.attributes
                0x0000000000000628       0x30 c:/devkitpro/devkitarm/bin/../lib/gcc/arm-none-eabi/10.2.0/../../../../arm-none-eabi/lib/armv6k/fpu\libm.a(lib_a-w_sqrt.o)
 .ARM.attributes
                0x0000000000000658       0x30 c:/devkitpro/devkitarm/bin/../lib/gcc/arm-none-eabi/10.2.0/../../../../arm-none-eabi/lib/armv6k/fpu\libm.a(lib_a-e_sqrt.o)
 .ARM.attributes
                0x0000000000000688       0x2e c:/devkitpro/devkitarm/bin/../lib/gcc/arm-none-eabi/10.2.0/../../../../arm-none-eabi/lib/armv6k/fpu\libm.a(lib_a-exp_data.o)
 .ARM.attributes
                0x00000000000006b6       0x30 c:/devkitpro/devkitarm/bin/../lib/gcc/arm-none-eabi/10.2.0/../../../../arm-none-eabi/lib/armv6k/fpu\libm.a(lib_a-math_err.o)
 .ARM.attributes
                0x00000000000006e6       0x2e c:/devkitpro/devkitarm/bin/../lib/gcc/arm-none-eabi/10.2.0/../../../../arm-none-eabi/lib/armv6k/fpu\libm.a(lib_a-pow_log_data.o)
 .ARM.attributes
                0x0000000000000714       0x2e c:/devkitpro/devkitarm/bin/../lib/gcc/arm-none-eabi/10.2.0/../../../../arm-none-eabi/lib/armv6k/fpu\libm.a(lib_a-s_lib_ver.o)
 .ARM.attributes
                0x0000000000000742       0x1c c:/devkitpro/devkitarm/bin/../lib/gcc/arm-none-eabi/10.2.0/armv6k/fpu\libgcc.a(_udivsi3.o)
 .ARM.attributes
                0x000000000000075e       0x1c c:/devkitpro/devkitarm/bin/../lib/gcc/arm-none-eabi/10.2.0/armv6k/fpu\libgcc.a(_divsi3.o)
 .ARM.attributes
                0x000000000000077a       0x1c c:/devkitpro/devkitarm/bin/../lib/gcc/arm-none-eabi/10.2.0/armv6k/fpu\libgcc.a(_dvmd_tls.o)
 .ARM.attributes
                0x0000000000000796       0x1c c:/devkitpro/devkitarm/bin/../lib/gcc/arm-none-eabi/10.2.0/armv6k/fpu\libgcc.a(_arm_addsubdf3.o)
 .ARM.attributes
                0x00000000000007b2       0x1c c:/devkitpro/devkitarm/bin/../lib/gcc/arm-none-eabi/10.2.0/armv6k/fpu\libgcc.a(_aeabi_ldivmod.o)
 .ARM.attributes
                0x00000000000007ce       0x1c c:/devkitpro/devkitarm/bin/../lib/gcc/arm-none-eabi/10.2.0/armv6k/fpu\libgcc.a(_aeabi_uldivmod.o)
 .ARM.attributes
                0x00000000000007ea       0x30 c:/devkitpro/devkitarm/bin/../lib/gcc/arm-none-eabi/10.2.0/armv6k/fpu\libgcc.a(_udivmoddi4.o)
 .ARM.attributes
                0x000000000000081a       0x30 c:/devkitpro/devkitarm/bin/../lib/gcc/arm-none-eabi/10.2.0/../../../../arm-none-eabi/lib/armv6k/fpu\libc.a(lib_a-calloc.o)
 .ARM.attributes
                0x000000000000084a       0x30 c:/devkitpro/devkitarm/bin/../lib/gcc/arm-none-eabi/10.2.0/../../../../arm-none-eabi/lib/armv6k/fpu\libc.a(lib_a-callocr.o)
 .ARM.attributes
                0x000000000000087a       0x30 c:/devkitpro/devkitarm/bin/../lib/gcc/arm-none-eabi/10.2.0/../../../../arm-none-eabi/lib/armv6k/fpu\libc.a(lib_a-ctype_.o)
 .ARM.attributes
                0x00000000000008aa       0x30 c:/devkitpro/devkitarm/bin/../lib/gcc/arm-none-eabi/10.2.0/../../../../arm-none-eabi/lib/armv6k/fpu\libc.a(lib_a-errno.o)
 .ARM.attributes
                0x00000000000008da       0x30 c:/devkitpro/devkitarm/bin/../lib/gcc/arm-none-eabi/10.2.0/../../../../arm-none-eabi/lib/armv6k/fpu\libc.a(lib_a-exit.o)
 .ARM.attributes
                0x000000000000090a       0x30 c:/devkitpro/devkitarm/bin/../lib/gcc/arm-none-eabi/10.2.0/../../../../arm-none-eabi/lib/armv6k/fpu\libc.a(lib_a-fini.o)
 .ARM.attributes
                0x000000000000093a       0x2e c:/devkitpro/devkitarm/bin/../lib/gcc/arm-none-eabi/10.2.0/../../../../arm-none-eabi/lib/armv6k/fpu\libc.a(lib_a-impure.o)
 .ARM.attributes
                0x0000000000000968       0x30 c:/devkitpro/devkitarm/bin/../lib/gcc/arm-none-eabi/10.2.0/../../../../arm-none-eabi/lib/armv6k/fpu\libc.a(lib_a-init.o)
 .ARM.attributes
                0x0000000000000998       0x30 c:/devkitpro/devkitarm/bin/../lib/gcc/arm-none-eabi/10.2.0/../../../../arm-none-eabi/lib/armv6k/fpu\libc.a(lib_a-malloc.o)
 .ARM.attributes
                0x00000000000009c8       0x30 c:/devkitpro/devkitarm/bin/../lib/gcc/arm-none-eabi/10.2.0/../../../../arm-none-eabi/lib/armv6k/fpu\libc.a(lib_a-mallocr.o)
 .ARM.attributes